Component: ARM Compiler 5.06 update 6 (build 750) Tool: armlink [4d35ed]

==============================================================================

Section Cross References

    startup_stm32f103xb.o(STACK) refers (Special) to heapauxi.o(.text) for __use_two_region_memory
    startup_stm32f103xb.o(HEAP) refers (Special) to heapauxi.o(.text) for __use_two_region_memory
    startup_stm32f103xb.o(RESET) refers (Special) to heapauxi.o(.text) for __use_two_region_memory
    startup_stm32f103xb.o(RESET) refers to startup_stm32f103xb.o(STACK) for __initial_sp
    startup_stm32f103xb.o(RESET) refers to startup_stm32f103xb.o(.text) for Reset_Handler
    startup_stm32f103xb.o(RESET) refers to stm32f1xx_it.o(i.NMI_Handler) for NMI_Handler
    startup_stm32f103xb.o(RESET) refers to stm32f1xx_it.o(i.HardFault_Handler) for HardFault_Handler
    startup_stm32f103xb.o(RESET) refers to stm32f1xx_it.o(i.MemManage_Handler) for MemManage_Handler
    startup_stm32f103xb.o(RESET) refers to stm32f1xx_it.o(i.BusFault_Handler) for BusFault_Handler
    startup_stm32f103xb.o(RESET) refers to stm32f1xx_it.o(i.UsageFault_Handler) for UsageFault_Handler
    startup_stm32f103xb.o(RESET) refers to port.o(.emb_text) for SVC_Handler
    startup_stm32f103xb.o(RESET) refers to stm32f1xx_it.o(i.DebugMon_Handler) for DebugMon_Handler
    startup_stm32f103xb.o(RESET) refers to cmsis_os2.o(i.SysTick_Handler) for SysTick_Handler
    startup_stm32f103xb.o(RESET) refers to stm32f1xx_it.o(i.DMA1_Channel2_IRQHandler) for DMA1_Channel2_IRQHandler
    startup_stm32f103xb.o(RESET) refers to stm32f1xx_it.o(i.DMA1_Channel3_IRQHandler) for DMA1_Channel3_IRQHandler
    startup_stm32f103xb.o(RESET) refers to stm32f1xx_it.o(i.TIM4_IRQHandler) for TIM4_IRQHandler
    startup_stm32f103xb.o(RESET) refers to stm32f1xx_it.o(i.USART3_IRQHandler) for USART3_IRQHandler
    startup_stm32f103xb.o(.text) refers (Special) to heapauxi.o(.text) for __use_two_region_memory
    startup_stm32f103xb.o(.text) refers to system_stm32f1xx.o(i.SystemInit) for SystemInit
    startup_stm32f103xb.o(.text) refers to __main.o(!!!main) for __main
    startup_stm32f103xb.o(.text) refers to startup_stm32f103xb.o(HEAP) for Heap_Mem
    startup_stm32f103xb.o(.text) refers to startup_stm32f103xb.o(STACK) for Stack_Mem
    main.o(i.HAL_TIM_PeriodElapsedCallback) refers to stm32f1xx_hal.o(i.HAL_IncTick) for HAL_IncTick
    main.o(i.SystemClock_Config) refers to rt_memclr_w.o(.text) for __aeabi_memclr4
    main.o(i.SystemClock_Config) refers to stm32f1xx_hal_rcc.o(i.HAL_RCC_OscConfig) for HAL_RCC_OscConfig
    main.o(i.SystemClock_Config) refers to stm32f1xx_hal_rcc.o(i.HAL_RCC_ClockConfig) for HAL_RCC_ClockConfig
    main.o(i.main) refers to stm32f1xx_hal.o(i.HAL_Init) for HAL_Init
    main.o(i.main) refers to main.o(i.SystemClock_Config) for SystemClock_Config
    main.o(i.main) refers to gpio.o(i.MX_GPIO_Init) for MX_GPIO_Init
    main.o(i.main) refers to dma.o(i.MX_DMA_Init) for MX_DMA_Init
    main.o(i.main) refers to i2c.o(i.MX_I2C1_Init) for MX_I2C1_Init
    main.o(i.main) refers to usart.o(i.MX_USART3_UART_Init) for MX_USART3_UART_Init
    main.o(i.main) refers to tim.o(i.MX_TIM1_Init) for MX_TIM1_Init
    main.o(i.main) refers to cmsis_os2.o(i.osKernelInitialize) for osKernelInitialize
    main.o(i.main) refers to freertos.o(i.MX_FREERTOS_Init) for MX_FREERTOS_Init
    main.o(i.main) refers to cmsis_os2.o(i.osKernelStart) for osKernelStart
    gpio.o(i.MX_GPIO_Init) refers to stm32f1xx_hal_gpio.o(i.HAL_GPIO_Init) for HAL_GPIO_Init
    freertos.o(i.MX_FREERTOS_Init) refers to cmsis_os2.o(i.osMutexNew) for osMutexNew
    freertos.o(i.MX_FREERTOS_Init) refers to cmsis_os2.o(i.osMessageQueueNew) for osMessageQueueNew
    freertos.o(i.MX_FREERTOS_Init) refers to cmsis_os2.o(i.osThreadNew) for osThreadNew
    freertos.o(i.MX_FREERTOS_Init) refers to freertos.o(.constdata) for .constdata
    freertos.o(i.MX_FREERTOS_Init) refers to freertos.o(.data) for .data
    freertos.o(i.MX_FREERTOS_Init) refers to bletask.o(i.StartBLETask) for StartBLETask
    freertos.o(i.MX_FREERTOS_Init) refers to sensortask.o(i.StartsensorTask) for StartsensorTask
    freertos.o(i.MX_FREERTOS_Init) refers to screentask.o(i.StartscreenTask) for StartscreenTask
    freertos.o(i.MX_FREERTOS_Init) refers to inputtask.o(i.StartInputTask) for StartInputTask
    freertos.o(i.StartBLETask) refers to cmsis_os2.o(i.osDelay) for osDelay
    freertos.o(.constdata) refers to freertos.o(.conststring) for .conststring
    dma.o(i.MX_DMA_Init) refers to stm32f1xx_hal_cortex.o(i.HAL_NVIC_SetPriority) for HAL_NVIC_SetPriority
    dma.o(i.MX_DMA_Init) refers to stm32f1xx_hal_cortex.o(i.HAL_NVIC_EnableIRQ) for HAL_NVIC_EnableIRQ
    i2c.o(i.HAL_I2C_MspDeInit) refers to stm32f1xx_hal_gpio.o(i.HAL_GPIO_DeInit) for HAL_GPIO_DeInit
    i2c.o(i.HAL_I2C_MspInit) refers to stm32f1xx_hal_gpio.o(i.HAL_GPIO_Init) for HAL_GPIO_Init
    i2c.o(i.MX_I2C1_Init) refers to stm32f1xx_hal_i2c.o(i.HAL_I2C_Init) for HAL_I2C_Init
[...]
    __rt_lib_shutdown_fp_trap_1              0x0800018d   Thumb Code     0  libshutdown2.o(.ARM.Collect$$libshutdown$$00000007)
    __rt_lib_shutdown_heap_1                 0x0800018d   Thumb Code     0  libshutdown2.o(.ARM.Collect$$libshutdown$$0000000F)
    __rt_lib_shutdown_return                 0x0800018d   Thumb Code     0  libshutdown2.o(.ARM.Collect$$libshutdown$$00000010)
    __rt_lib_shutdown_signal_1               0x0800018d   Thumb Code     0  libshutdown2.o(.ARM.Collect$$libshutdown$$0000000A)
    __rt_lib_shutdown_stdio_1                0x0800018d   Thumb Code     0  libshutdown2.o(.ARM.Collect$$libshutdown$$00000004)
    __rt_lib_shutdown_user_alloc_1           0x0800018d   Thumb Code     0  libshutdown2.o(.ARM.Collect$$libshutdown$$0000000C)
    __rt_entry                               0x0800018f   Thumb Code     0  __rtentry.o(.ARM.Collect$$rtentry$$00000000)
    __rt_entry_presh_1                       0x0800018f   Thumb Code     0  __rtentry2.o(.ARM.Collect$$rtentry$$00000002)
    __rt_entry_sh                            0x0800018f   Thumb Code     0  __rtentry4.o(.ARM.Collect$$rtentry$$00000004)
    __rt_entry_li                            0x08000195   Thumb Code     0  __rtentry2.o(.ARM.Collect$$rtentry$$0000000A)
    __rt_entry_postsh_1                      0x08000195   Thumb Code     0  __rtentry2.o(.ARM.Collect$$rtentry$$00000009)
    __rt_entry_main                          0x08000199   Thumb Code     0  __rtentry2.o(.ARM.Collect$$rtentry$$0000000D)
    __rt_entry_postli_1                      0x08000199   Thumb Code     0  __rtentry2.o(.ARM.Collect$$rtentry$$0000000C)
    __rt_exit                                0x080001a1   Thumb Code     0  rtexit.o(.ARM.Collect$$rtexit$$00000000)
    __rt_exit_ls                             0x080001a3   Thumb Code     0  rtexit2.o(.ARM.Collect$$rtexit$$00000003)
    __rt_exit_prels_1                        0x080001a3   Thumb Code     0  rtexit2.o(.ARM.Collect$$rtexit$$00000002)
    __rt_exit_exit                           0x080001a7   Thumb Code     0  rtexit2.o(.ARM.Collect$$rtexit$$00000004)
    SVC_Handler                              0x080001ad   Thumb Code    32  port.o(.emb_text)
    __asm___6_port_c_39a90d8d__prvStartFirstTask 0x080001d1   Thumb Code    28  port.o(.emb_text)
    PendSV_Handler                           0x080001f1   Thumb Code    72  port.o(.emb_text)
    vPortGetIPSR                             0x0800023d   Thumb Code     6  port.o(.emb_text)
    Reset_Handler                            0x08000245   Thumb Code     8  startup_stm32f103xb.o(.text)
    ADC1_2_IRQHandler                        0x0800025f   Thumb Code     0  startup_stm32f103xb.o(.text)
    CAN1_RX1_IRQHandler                      0x0800025f   Thumb Code     0  startup_stm32f103xb.o(.text)
    CAN1_SCE_IRQHandler                      0x0800025f   Thumb Code     0  startup_stm32f103xb.o(.text)
    DMA1_Channel1_IRQHandler                 0x0800025f   Thumb Code     0  startup_stm32f103xb.o(.text)
    DMA1_Channel4_IRQHandler                 0x0800025f   Thumb Code     0  startup_stm32f103xb.o(.text)
    DMA1_Channel5_IRQHandler                 0x0800025f   Thumb Code     0  startup_stm32f103xb.o(.text)
    DMA1_Channel6_IRQHandler                 0x0800025f   Thumb Code     0  startup_stm32f103xb.o(.text)
    DMA1_Channel7_IRQHandler                 0x0800025f   Thumb Code     0  startup_stm32f103xb.o(.text)
    EXTI0_IRQHandler                         0x0800025f   Thumb Code     0  startup_stm32f103xb.o(.text)
    EXTI15_10_IRQHandler                     0x0800025f   Thumb Code     0  startup_stm32f103xb.o(.text)
    EXTI1_IRQHandler                         0x0800025f   Thumb Code     0  startup_stm32f103xb.o(.text)
    EXTI2_IRQHandler                         0x0800025f   Thumb Code     0  startup_stm32f103xb.o(.text)
    EXTI3_IRQHandler                         0x0800025f   Thumb Code     0  startup_stm32f103xb.o(.text)
    EXTI4_IRQHandler                         0x0800025f   Thumb Code     0  startup_stm32f103xb.o(.text)
    EXTI9_5_IRQHandler                       0x0800025f   Thumb Code     0  startup_stm32f103xb.o(.text)
    FLASH_IRQHandler                         0x0800025f   Thumb Code     0  startup_stm32f103xb.o(.text)
    I2C1_ER_IRQHandler                       0x0800025f   Thumb Code     0  startup_stm32f103xb.o(.text)
    I2C1_EV_IRQHandler                       0x0800025f   Thumb Code     0  startup_stm32f103xb.o(.text)
    I2C2_ER_IRQHandler                       0x0800025f   Thumb Code     0  startup_stm32f103xb.o(.text)
    I2C2_EV_IRQHandler                       0x0800025f   Thumb Code     0  startup_stm32f103xb.o(.text)
    PVD_IRQHandler                           0x0800025f   Thumb Code     0  startup_stm32f103xb.o(.text)
    RCC_IRQHandler                           0x0800025f   Thumb Code     0  startup_stm32f103xb.o(.text)
    RTC_Alarm_IRQHandler                     0x0800025f   Thumb Code     0  startup_stm32f103xb.o(.text)
    RTC_IRQHandler                           0x0800025f   Thumb Code     0  startup_stm32f103xb.o(.text)
    SPI1_IRQHandler                          0x0800025f   Thumb Code     0  startup_stm32f103xb.o(.text)
    SPI2_IRQHandler                          0x0800025f   Thumb Code     0  startup_stm32f103xb.o(.text)
    TAMPER_IRQHandler                        0x0800025f   Thumb Code     0  startup_stm32f103xb.o(.text)
    TIM1_BRK_IRQHandler                      0x0800025f   Thumb Code     0  startup_stm32f103xb.o(.text)
    TIM1_CC_IRQHandler                       0x0800025f   Thumb Code     0  startup_stm32f103xb.o(.text)
    TIM1_TRG_COM_IRQHandler                  0x0800025f   Thumb Code     0  startup_stm32f103xb.o(.text)
    TIM1_UP_IRQHandler                       0x0800025f   Thumb Code     0  startup_stm32f103xb.o(.text)
    TIM2_IRQHandler                          0x0800025f   Thumb Code     0  startup_stm32f103xb.o(.text)
    TIM3_IRQHandler                          0x0800025f   Thumb Code     0  startup_stm32f103xb.o(.text)
    USART1_IRQHandler                        0x0800025f   Thumb Code     0  startup_stm32f103xb.o(.text)
    USART2_IRQHandler                        0x0800025f   Thumb Code     0  startup_stm32f103xb.o(.text)
    USBWakeUp_IRQHandler                     0x0800025f   Thumb Code     0  startup_stm32f103xb.o(.text)
    USB_HP_CAN1_TX_IRQHandler                0x0800025f   Thumb Code     0  startup_stm32f103xb.o(.text)
    USB_LP_CAN1_RX0_IRQHandler               0x0800025f   Thumb Code     0  startup_stm32f103xb.o(.text)
    WWDG_IRQHandler                          0x0800025f   Thumb Code     0  startup_stm32f103xb.o(.text)
    __user_initial_stackheap                 0x08000261   Thumb Code     0  startup_stm32f103xb.o(.text)
    __2sprintf                               0x08000285   Thumb Code    34  noretval__2sprintf.o(.text)
    __2snprintf                              0x080002ad   Thumb Code    48  noretval__2snprintf.o(.text)
    _printf_str                              0x080002e1   Thumb Code    82  _printf_str.o(.text)
    _printf_int_dec                          0x08000335   Thumb Code   104  _printf_dec.o(.text)
    __printf                                 0x080003ad   Thumb Code   270  __printf_wp.o(.text)
    memcmp                                   0x080004bb   Thumb Code    88  memcmp.o(.text)
    strlen                                   0x08000513   Thumb Code    62  strlen.o(.text)
    __aeabi_memcpy                           0x08000551   Thumb Code     0  rt_memcpy_v6.o(.text)
    __rt_memcpy                              0x08000551   Thumb Code   138  rt_memcpy_v6.o(.text)
    _memcpy_lastbytes                        0x080005b7   Thumb Code     0  rt_memcpy_v6.o(.text)
    __aeabi_memset                           0x080005db   Thumb Code    16  aeabi_memset.o(.text)
    __aeabi_memclr                           0x080005eb   Thumb Code     0  rt_memclr.o(.text)
    __rt_memclr                              0x080005eb   Thumb Code    68  rt_memclr.o(.text)
    _memset                                  0x080005ef   Thumb Code     0  rt_memclr.o(.text)
    __aeabi_memclr4                          0x0800062f   Thumb Code     0  rt_memclr_w.o(.text)
    __aeabi_memclr8                          0x0800062f   Thumb Code     0  rt_memclr_w.o(.text)
    __rt_memclr_w                            0x0800062f   Thumb Code    78  rt_memclr_w.o(.text)
    _memset_w                                0x08000633   Thumb Code     0  rt_memclr_w.o(.text)
    __use_two_region_memory                  0x0800067d   Thumb Code     2  heapauxi.o(.text)
    __rt_heap_escrow$2region                 0x0800067f   Thumb Code     2  heapauxi.o(.text)
    __rt_heap_expand$2region                 0x08000681   Thumb Code     2  heapauxi.o(.text)
    _printf_int_common                       0x08000683   Thumb Code   178  _printf_intcommon.o(.text)
    __lib_sel_fp_printf                      0x08000735   Thumb Code     2  _printf_fp_dec.o(.text)
    _printf_fp_dec_real                      0x080008e7   Thumb Code   620  _printf_fp_dec.o(.text)
    _printf_char_common                      0x08000b5f   Thumb Code    32  _printf_char_common.o(.text)
    _sputc                                   0x08000b85   Thumb Code    10  _sputc.o(.text)
    _snputc                                  0x08000b8f   Thumb Code    16  _snputc.o(.text)
    _printf_cs_common                        0x08000b9f   Thumb Code    20  _printf_char.o(.text)
    _printf_char                             0x08000bb3   Thumb Code    16  _printf_char.o(.text)
    _printf_string                           0x08000bc3   Thumb Code     8  _printf_char.o(.text)
    __aeabi_memcpy4                          0x08000bcb   Thumb Code     0  rt_memcpy_w.o(.text)
    __aeabi_memcpy8                          0x08000bcb   Thumb Code     0  rt_memcpy_w.o(.text)
    __rt_memcpy_w                            0x08000bcb   Thumb Code   100  rt_memcpy_w.o(.text)
    _memcpy_lastbytes_aligned                0x08000c13   Thumb Code     0  rt_memcpy_w.o(.text)
    __rt_locale                              0x08000c31   Thumb Code     8  rt_locale_intlibspace.o(.text)
    _ll_udiv10                               0x08000c39   Thumb Code   138  lludiv10.o(.text)
    _printf_fp_infnan                        0x08000cc5   Thumb Code   112  _printf_fp_infnan.o(.text)
    _btod_etento                             0x08000d45   Thumb Code   224  bigflt0.o(.text)
    __user_libspace                          0x08000e29   Thumb Code     8  libspace.o(.text)
    __user_perproc_libspace                  0x08000e29   Thumb Code     0  libspace.o(.text)
    __user_perthread_libspace                0x08000e29   Thumb Code     0  libspace.o(.text)
    __user_setup_stackheap                   0x08000e31   Thumb Code    74  sys_stackheap_outer.o(.text)
    exit                                     0x08000e7b   Thumb Code    18  exit.o(.text)
    strcmp                                   0x08000e8d   Thumb Code   128  strcmpv7m.o(.text)
    _sys_exit                                0x08000f0d   Thumb Code     8  sys_exit.o(.text)
    __I$use$semihosting                      0x08000f19   Thumb Code     0  use_no_semi.o(.text)
    __use_no_semihosting_swi                 0x08000f19   Thumb Code     2  use_no_semi.o(.text)
    __semihosting_library_function           0x08000f1b   Thumb Code     0  indicate_semi.o(.text)
    _btod_d2e                                0x08000f1b   Thumb Code    62  btod.o(CL$$btod_d2e)
    _d2e_denorm_low                          0x08000f59   Thumb Code    70  btod.o(CL$$btod_d2e_denorm_low)
    _d2e_norm_op1                            0x08000f9f   Thumb Code    96  btod.o(CL$$btod_d2e_norm_op1)
    __btod_div_common                        0x08000fff   Thumb Code   696  btod.o(CL$$btod_div_common)
    _e2e                                     0x08001337   Thumb Code   220  btod.o(CL$$btod_e2e)
    _btod_ediv                               0x08001413   Thumb Code    42  btod.o(CL$$btod_ediv)
    _btod_emul                               0x0800143d   Thumb Code    42  btod.o(CL$$btod_emul)
    __btod_mult_common                       0x08001467   Thumb Code   580  btod.o(CL$$btod_mult_common)
    AHT20_Init                               0x080016ad   Thumb Code    56  aht20.o(i.AHT20_Init)
    AHT20_Read                               0x080016ed   Thumb Code   160  aht20.o(i.AHT20_Read)
    BusFault_Handler                         0x080017a1   Thumb Code     2  stm32f1xx_it.o(i.BusFault_Handler)
    DMA1_Channel2_IRQHandler                 0x080017dd   Thumb Code     6  stm32f1xx_it.o(i.DMA1_Channel2_IRQHandler)
    DMA1_Channel3_IRQHandler                 0x080017e9   Thumb Code     6  stm32f1xx_it.o(i.DMA1_Channel3_IRQHandler)
    DebugMon_Handler                         0x0800181f   Thumb Code     2  stm32f1xx_it.o(i.DebugMon_Handler)
    EditRangeValue                           0x08001821   Thumb Code   370  inputtask.o(i.EditRangeValue)
    EnvSafeRange_Init                        0x080019a1   Thumb Code    20  farmstate.o(i.EnvSafeRange_Init)
    Error_Handler                            0x080019c9   Thumb Code     4  main.o(i.Error_Handler)
    HAL_DMA_Abort                            0x080019cd   Thumb Code    70  stm32f1xx_hal_dma.o(i.HAL_DMA_Abort)
    HAL_DMA_Abort_IT                         0x08001a15   Thumb Code   148  stm32f1xx_hal_dma.o(i.HAL_DMA_Abort_IT)
    HAL_DMA_IRQHandler                       0x08001aad   Thumb Code   316  stm32f1xx_hal_dma.o(i.HAL_DMA_IRQHandler)
    HAL_DMA_Init                             0x08001c01   Thumb Code    84  stm32f1xx_hal_dma.o(i.HAL_DMA_Init)
    HAL_DMA_Start_IT                         0x08001c5d   Thumb Code   112  stm32f1xx_hal_dma.o(i.HAL_DMA_Start_IT)
    HAL_Delay                                0x08001ccd   Thumb Code    32  stm32f1xx_hal.o(i.HAL_Delay)
    HAL_GPIO_Init                            0x08001cf1   Thumb Code   446  stm32f1xx_hal_gpio.o(i.HAL_GPIO_Init)
    HAL_GPIO_ReadPin                         0x08001ed1   Thumb Code    10  stm32f1xx_hal_gpio.o(i.HAL_GPIO_ReadPin)
    HAL_GetTick                              0x08001edd   Thumb Code     6  stm32f1xx_hal.o(i.HAL_GetTick)
    HAL_I2C_Init                             0x08001ee9   Thumb Code   376  stm32f1xx_hal_i2c.o(i.HAL_I2C_Init)
    HAL_I2C_Master_Receive                   0x08002071   Thumb Code   576  stm32f1xx_hal_i2c.o(i.HAL_I2C_Master_Receive)
    HAL_I2C_Master_Transmit                  0x080022c1   Thumb Code   290  stm32f1xx_hal_i2c.o(i.HAL_I2C_Master_Transmit)
    HAL_I2C_MspInit                          0x080023ed   Thumb Code    80  i2c.o(i.HAL_I2C_MspInit)
    HAL_IncTick                              0x08002449   Thumb Code    12  stm32f1xx_hal.o(i.HAL_IncTick)
    HAL_Init                                 0x08002459   Thumb Code    32  stm32f1xx_hal.o(i.HAL_Init)
    HAL_InitTick                             0x0800247d   Thumb Code   132  stm32f1xx_hal_timebase_tim.o(i.HAL_InitTick)
    HAL_MspInit                              0x08002515   Thumb Code    62  stm32f1xx_hal_msp.o(i.HAL_MspInit)
    HAL_NVIC_EnableIRQ                       0x0800255d   Thumb Code    26  stm32f1xx_hal_cortex.o(i.HAL_NVIC_EnableIRQ)
    HAL_NVIC_SetPriority                     0x08002579   Thumb Code    60  stm32f1xx_hal_cortex.o(i.HAL_NVIC_SetPriority)
    HAL_NVIC_SetPriorityGrouping             0x080025b9   Thumb Code    26  stm32f1xx_hal_cortex.o(i.HAL_NVIC_SetPriorityGrouping)
    HAL_RCC_ClockConfig                      0x080025dd   Thumb Code   280  stm32f1xx_hal_rcc.o(i.HAL_RCC_ClockConfig)
    HAL_RCC_GetClockConfig                   0x08002709   Thumb Code    54  stm32f1xx_hal_rcc.o(i.HAL_RCC_GetClockConfig)
    HAL_RCC_GetPCLK1Freq                     0x08002749   Thumb Code    20  stm32f1xx_hal_rcc.o(i.HAL_RCC_GetPCLK1Freq)
    HAL_RCC_GetPCLK2Freq                     0x08002769   Thumb Code    20  stm32f1xx_hal_rcc.o(i.HAL_RCC_GetPCLK2Freq)
    HAL_RCC_GetSysClockFreq                  0x08002789   Thumb Code    58  stm32f1xx_hal_rcc.o(i.HAL_RCC_GetSysClockFreq)
    HAL_RCC_OscConfig                        0x080027d5   Thumb Code   778  stm32f1xx_hal_rcc.o(i.HAL_RCC_OscConfig)
    HAL_TIMEx_BreakCallback                  0x08002af5   Thumb Code     2  stm32f1xx_hal_tim_ex.o(i.HAL_TIMEx_BreakCallback)
    HAL_TIMEx_CommutCallback                 0x08002af7   Thumb Code     2  stm32f1xx_hal_tim_ex.o(i.HAL_TIMEx_CommutCallback)
    HAL_TIMEx_MasterConfigSynchronization    0x08002af9   Thumb Code    92  stm32f1xx_hal_tim_ex.o(i.HAL_TIMEx_MasterConfigSynchronization)
    HAL_TIM_Base_Init                        0x08002b61   Thumb Code    90  stm32f1xx_hal_tim.o(i.HAL_TIM_Base_Init)
    HAL_TIM_Base_MspInit                     0x08002bbb   Thumb Code     2  stm32f1xx_hal_tim.o(i.HAL_TIM_Base_MspInit)
    HAL_TIM_Base_Start_IT                    0x08002bbd   Thumb Code    76  stm32f1xx_hal_tim.o(i.HAL_TIM_Base_Start_IT)
    HAL_TIM_Encoder_Init                     0x08002c15   Thumb Code   164  stm32f1xx_hal_tim.o(i.HAL_TIM_Encoder_Init)
    HAL_TIM_Encoder_MspInit                  0x08002cb9   Thumb Code    74  tim.o(i.HAL_TIM_Encoder_MspInit)
    HAL_TIM_Encoder_Start                    0x08002d11   Thumb Code   142  stm32f1xx_hal_tim.o(i.HAL_TIM_Encoder_Start)
    HAL_TIM_IC_CaptureCallback               0x08002d9f   Thumb Code     2  stm32f1xx_hal_tim.o(i.HAL_TIM_IC_CaptureCallback)
    HAL_TIM_IRQHandler                       0x08002da1   Thumb Code   304  stm32f1xx_hal_tim.o(i.HAL_TIM_IRQHandler)
    HAL_TIM_OC_DelayElapsedCallback          0x08002ed1   Thumb Code     2  stm32f1xx_hal_tim.o(i.HAL_TIM_OC_DelayElapsedCallback)
    HAL_TIM_PWM_PulseFinishedCallback        0x08002ed3   Thumb Code     2  stm32f1xx_hal_tim.o(i.HAL_TIM_PWM_PulseFinishedCallback)
    HAL_TIM_PeriodElapsedCallback            0x08002ed5   Thumb Code    14  main.o(i.HAL_TIM_PeriodElapsedCallback)
    HAL_TIM_TriggerCallback                  0x08002ee9   Thumb Code     2  stm32f1xx_hal_tim.o(i.HAL_TIM_TriggerCallback)
    HAL_UARTEx_RxEventCallback               0x08002eeb   Thumb Code     2  stm32f1xx_hal_uart.o(i.HAL_UARTEx_RxEventCallback)
    HAL_UART_ErrorCallback                   0x08002eed   Thumb Code     2  stm32f1xx_hal_uart.o(i.HAL_UART_ErrorCallback)
    HAL_UART_GetState                        0x08002eef   Thumb Code    10  stm32f1xx_hal_uart.o(i.HAL_UART_GetState)
    HAL_UART_IRQHandler                      0x08002ef9   Thumb Code   616  stm32f1xx_hal_uart.o(i.HAL_UART_IRQHandler)
    HAL_UART_Init                            0x08003165   Thumb Code   100  stm32f1xx_hal_uart.o(i.HAL_UART_Init)
    HAL_UART_MspInit                         0x080031c9   Thumb Code   196  usart.o(i.HAL_UART_MspInit)
    HAL_UART_RxCpltCallback                  0x080032a1   Thumb Code     2  stm32f1xx_hal_uart.o(i.HAL_UART_RxCpltCallback)
    HAL_UART_Transmit_DMA                    0x080032a5   Thumb Code   106  stm32f1xx_hal_uart.o(i.HAL_UART_Transmit_DMA)
    HAL_UART_TxCpltCallback                  0x0800331d   Thumb Code     2  stm32f1xx_hal_uart.o(i.HAL_UART_TxCpltCallback)
    HAL_UART_TxHalfCpltCallback              0x0800331f   Thumb Code     2  stm32f1xx_hal_uart.o(i.HAL_UART_TxHalfCpltCallback)
    HardFault_Handler                        0x08003321   Thumb Code     2  stm32f1xx_it.o(i.HardFault_Handler)
    Knob_GetCounter                          0x08003745   Thumb Code     8  knob.o(i.Knob_GetCounter)
    Knob_Init                                0x08003751   Thumb Code    22  knob.o(i.Knob_Init)
    Knob_IsRotating                          0x0800376d   Thumb Code    38  knob.o(i.Knob_IsRotating)
    MX_DMA_Init                              0x08003799   Thumb Code    56  dma.o(i.MX_DMA_Init)
    MX_FREERTOS_Init                         0x080037d5   Thumb Code    84  freertos.o(i.MX_FREERTOS_Init)
    MX_GPIO_Init                             0x08003841   Thumb Code    64  gpio.o(i.MX_GPIO_Init)
    MX_I2C1_Init                             0x08003889   Thumb Code    50  i2c.o(i.MX_I2C1_Init)
    MX_TIM1_Init                             0x080038c9   Thumb Code   102  tim.o(i.MX_TIM1_Init)
    MX_USART3_UART_Init                      0x08003939   Thumb Code    48  usart.o(i.MX_USART3_UART_Init)
    MemManage_Handler                        0x08003971   Thumb Code     2  stm32f1xx_it.o(i.MemManage_Handler)
    NMI_Handler                              0x08003973   Thumb Code     2  stm32f1xx_it.o(i.NMI_Handler)
    OLED_DrawLine                            0x08003975   Thumb Code   254  oled.o(i.OLED_DrawLine)
    OLED_Init                                0x08003a79   Thumb Code   162  oled.o(i.OLED_Init)
    OLED_NewFrame                            0x08003b1d   Thumb Code    10  oled.o(i.OLED_NewFrame)
    OLED_PrintASCIIChar                      0x08003b2d   Thumb Code    32  oled.o(i.OLED_PrintASCIIChar)
    OLED_PrintASCIIString                    0x08003b4d   Thumb Code    46  oled.o(i.OLED_PrintASCIIString)
    OLED_PrintString                         0x08003b7b   Thumb Code   182  oled.o(i.OLED_PrintString)
    OLED_Send                                0x08003c31   Thumb Code    22  oled.o(i.OLED_Send)
    OLED_SendCmd                             0x08003c4d   Thumb Code    12  oled.o(i.OLED_SendCmd)
    OLED_SetBits                             0x08003c5d   Thumb Code    72  oled.o(i.OLED_SetBits)
    OLED_SetBits_Fine                        0x08003ca5   Thumb Code   104  oled.o(i.OLED_SetBits_Fine)
    OLED_SetBlock                            0x08003d0d   Thumb Code   136  oled.o(i.OLED_SetBlock)
    OLED_SetByte_Fine                        0x08003d95   Thumb Code    64  oled.o(i.OLED_SetByte_Fine)
    OLED_SetPixel                            0x08003ddd   Thumb Code    42  oled.o(i.OLED_SetPixel)
    OLED_ShowFrame                           0x08003e0d   Thumb Code    68  oled.o(i.OLED_ShowFrame)
    RangeEditIndex_Next                      0x08003e55   Thumb Code    20  screen.o(i.RangeEditIndex_Next)
    RangeEditIndex_Prev                      0x08003e6d   Thumb Code    16  screen.o(i.RangeEditIndex_Prev)
    RangeEditState_Toggle                    0x08003e81   Thumb Code    16  screen.o(i.RangeEditState_Toggle)
    ScreenPage_NextPage                      0x08003e95   Thumb Code    20  screen.o(i.ScreenPage_NextPage)
    StartBLETask                             0x08003f55   Thumb Code    66  bletask.o(i.StartBLETask)
    StartInputTask                           0x08003fa1   Thumb Code   108  inputtask.o(i.StartInputTask)
    StartscreenTask                          0x08004019   Thumb Code    62  screentask.o(i.StartscreenTask)
    StartsensorTask                          0x08004061   Thumb Code   160  sensortask.o(i.StartsensorTask)
    SysTick_Handler                          0x0800417d   Thumb Code    26  cmsis_os2.o(i.SysTick_Handler)
    SystemClock_Config                       0x08004197   Thumb Code    80  main.o(i.SystemClock_Config)
    SystemInit                               0x080041e7   Thumb Code     2  system_stm32f1xx.o(i.SystemInit)
    TIM4_IRQHandler                          0x080041e9   Thumb Code     6  stm32f1xx_it.o(i.TIM4_IRQHandler)
    TIM_Base_SetConfig                       0x080041f5   Thumb Code   108  stm32f1xx_hal_tim.o(i.TIM_Base_SetConfig)
    TIM_CCxChannelCmd                        0x0800426d   Thumb Code    26  stm32f1xx_hal_tim.o(i.TIM_CCxChannelCmd)
    USART3_IRQHandler                        0x08004511   Thumb Code     6  stm32f1xx_it.o(i.USART3_IRQHandler)
    UsageFault_Handler                       0x0800451d   Thumb Code     2  stm32f1xx_it.o(i.UsageFault_Handler)
    _OLED_GetUTF8Len                         0x0800451f   Thumb Code    50  oled.o(i._OLED_GetUTF8Len)
    __ARM_fpclassify                         0x08004551   Thumb Code    40  fpclassify.o(i.__ARM_fpclassify)
    _is_digit                                0x08004599   Thumb Code    14  __printf_wp.o(i._is_digit)
    getCenteredX                             0x080045fd   Thumb Code    22  screentask.o(i.getCenteredX)
    isKey1Clicked                            0x08004615   Thumb Code    64  key.o(i.isKey1Clicked)
    isKey3Clicked                            0x0800465d   Thumb Code    64  key.o(i.isKey3Clicked)
    main                                     0x080046a5   Thumb Code    42  main.o(i.main)
    osDelay                                  0x080046cf   Thumb Code    26  cmsis_os2.o(i.osDelay)
    osKernelInitialize                       0x080046e9   Thumb Code    32  cmsis_os2.o(i.osKernelInitialize)
    osKernelStart                            0x0800470d   Thumb Code    48  cmsis_os2.o(i.osKernelStart)
    osMessageQueueGet                        0x08004745   Thumb Code    96  cmsis_os2.o(i.osMessageQueueGet)
    osMessageQueueNew                        0x080047a9   Thumb Code    88  cmsis_os2.o(i.osMessageQueueNew)
    osMessageQueuePut                        0x08004801   Thumb Code   100  cmsis_os2.o(i.osMessageQueuePut)
    osMutexAcquire                           0x08004869   Thumb Code    82  cmsis_os2.o(i.osMutexAcquire)
    osMutexNew                               0x080048bb   Thumb Code   104  cmsis_os2.o(i.osMutexNew)
    osMutexRelease                           0x08004923   Thumb Code    66  cmsis_os2.o(i.osMutexRelease)
    osThreadNew                              0x08004965   Thumb Code   138  cmsis_os2.o(i.osThreadNew)
    pvPortMalloc                             0x0800519d   Thumb Code   216  heap_4.o(i.pvPortMalloc)
    pvTaskIncrementMutexHeldCount            0x08005279   Thumb Code    18  tasks.o(i.pvTaskIncrementMutexHeldCount)
    pxPortInitialiseStack                    0x08005291   Thumb Code    32  port.o(i.pxPortInitialiseStack)
    renderHomePage                           0x080052b5   Thumb Code   162  screentask.o(i.renderHomePage)
    renderRangePage                          0x0800539d   Thumb Code   420  screentask.o(i.renderRangePage)
    uxListRemove                             0x08005591   Thumb Code    38  list.o(i.uxListRemove)
    vApplicationGetIdleTaskMemory            0x080055b9   Thumb Code    16  cmsis_os2.o(i.vApplicationGetIdleTaskMemory)
    vApplicationGetTimerTaskMemory           0x080055cd   Thumb Code    18  cmsis_os2.o(i.vApplicationGetTimerTaskMemory)
    vListInitialise                          0x080055e5   Thumb Code    22  list.o(i.vListInitialise)
    vListInitialiseItem                      0x080055fb   Thumb Code     6  list.o(i.vListInitialiseItem)
    vListInsert                              0x08005601   Thumb Code    48  list.o(i.vListInsert)
    vListInsertEnd                           0x08005631   Thumb Code    24  list.o(i.vListInsertEnd)
    vPortEnterCritical                       0x08005649   Thumb Code    54  port.o(i.vPortEnterCritical)
    vPortExitCritical                        0x08005689   Thumb Code    34  port.o(i.vPortExitCritical)
    vPortFree                                0x080056b1   Thumb Code    94  heap_4.o(i.vPortFree)
    vPortSetupTimerInterrupt                 0x08005715   Thumb Code    32  port.o(i.vPortSetupTimerInterrupt)
    vPortValidateInterruptPriority           0x08005739   Thumb Code    74  port.o(i.vPortValidateInterruptPriority)
    vQueueAddToRegistry                      0x0800578d   Thumb Code    34  queue.o(i.vQueueAddToRegistry)
    vQueueWaitForMessageRestricted           0x080057b5   Thumb Code    68  queue.o(i.vQueueWaitForMessageRestricted)
    vTaskDelay                               0x080057f9   Thumb Code    66  tasks.o(i.vTaskDelay)
    vTaskInternalSetTimeOutState             0x08005845   Thumb Code    12  tasks.o(i.vTaskInternalSetTimeOutState)
    vTaskMissedYield                         0x08005855   Thumb Code     8  tasks.o(i.vTaskMissedYield)
    vTaskPlaceOnEventList                    0x08005861   Thumb Code    44  tasks.o(i.vTaskPlaceOnEventList)
    vTaskPlaceOnEventListRestricted          0x08005891   Thumb Code    52  tasks.o(i.vTaskPlaceOnEventListRestricted)
    vTaskPriorityDisinheritAfterTimeout      0x080058c9   Thumb Code   134  tasks.o(i.vTaskPriorityDisinheritAfterTimeout)
    vTaskStartScheduler                      0x08005959   Thumb Code   118  tasks.o(i.vTaskStartScheduler)
    vTaskSuspendAll                          0x080059e1   Thumb Code    10  tasks.o(i.vTaskSuspendAll)
    vTaskSwitchContext                       0x080059f1   Thumb Code    90  tasks.o(i.vTaskSwitchContext)
    xPortStartScheduler                      0x08005a55   Thumb Code   154  port.o(i.xPortStartScheduler)
    xPortSysTickHandler                      0x08005afd   Thumb Code    38  port.o(i.xPortSysTickHandler)
    xQueueCreateMutex                        0x08005b29   Thumb Code    22  queue.o(i.xQueueCreateMutex)
    xQueueCreateMutexStatic                  0x08005b3f   Thumb Code    26  queue.o(i.xQueueCreateMutexStatic)
    xQueueGenericCreate                      0x08005b59   Thumb Code    66  queue.o(i.xQueueGenericCreate)
    xQueueGenericCreateStatic                0x08005b9b   Thumb Code   102  queue.o(i.xQueueGenericCreateStatic)
    xQueueGenericReset                       0x08005c01   Thumb Code   132  queue.o(i.xQueueGenericReset)
    xQueueGenericSend                        0x08005c89   Thumb Code   346  queue.o(i.xQueueGenericSend)
    xQueueGenericSendFromISR                 0x08005de9   Thumb Code   190  queue.o(i.xQueueGenericSendFromISR)
    xQueueGiveMutexRecursive                 0x08005ea7   Thumb Code    62  queue.o(i.xQueueGiveMutexRecursive)
    xQueueReceive                            0x08005ee5   Thumb Code   308  queue.o(i.xQueueReceive)
    xQueueReceiveFromISR                     0x0800601d   Thumb Code   154  queue.o(i.xQueueReceiveFromISR)
    xQueueSemaphoreTake                      0x080060b9   Thumb Code   372  queue.o(i.xQueueSemaphoreTake)
    xQueueTakeMutexRecursive                 0x08006231   Thumb Code    64  queue.o(i.xQueueTakeMutexRecursive)
    xTaskCheckForTimeOut                     0x08006271   Thumb Code   112  tasks.o(i.xTaskCheckForTimeOut)
    xTaskCreate                              0x080062e5   Thumb Code    90  tasks.o(i.xTaskCreate)
    xTaskCreateStatic                        0x0800633f   Thumb Code    86  tasks.o(i.xTaskCreateStatic)
    xTaskGetCurrentTaskHandle                0x08006395   Thumb Code     6  tasks.o(i.xTaskGetCurrentTaskHandle)
    xTaskGetSchedulerState                   0x080063a1   Thumb Code    22  tasks.o(i.xTaskGetSchedulerState)
    xTaskGetTickCount                        0x080063bd   Thumb Code     6  tasks.o(i.xTaskGetTickCount)
    xTaskIncrementTick                       0x080063c9   Thumb Code   192  tasks.o(i.xTaskIncrementTick)
    xTaskPriorityDisinherit                  0x08006491   Thumb Code   118  tasks.o(i.xTaskPriorityDisinherit)
    xTaskPriorityInherit                     0x08006511   Thumb Code   112  tasks.o(i.xTaskPriorityInherit)
    xTaskRemoveFromEventList                 0x08006589   Thumb Code    98  tasks.o(i.xTaskRemoveFromEventList)
    xTaskResumeAll                           0x080065f9   Thumb Code   182  tasks.o(i.xTaskResumeAll)
    xTimerCreateTimerTask                    0x080066bd   Thumb Code    78  timers.o(i.xTimerCreateTimerTask)
    xTimerGenericCommand                     0x0800671d   Thumb Code    98  timers.o(i.xTimerGenericCommand)
    _get_lc_numeric                          0x08006785   Thumb Code    44  lc_numeric_c.o(locale$$code)
    __aeabi_d2f                              0x080067b1   Thumb Code     0  d2f.o(x$fpl$d2f)
    _d2f                                     0x080067b1   Thumb Code    98  d2f.o(x$fpl$d2f)
    __aeabi_dadd                             0x08006815   Thumb Code     0  daddsub_clz.o(x$fpl$dadd)
    _dadd                                    0x08006815   Thumb Code   332  daddsub_clz.o(x$fpl$dadd)
    __fpl_dcmp_Inf                           0x08006965   Thumb Code    24  dcmpi.o(x$fpl$dcmpinf)
    __aeabi_i2d                              0x0800697d   Thumb Code     0  dflt_clz.o(x$fpl$dflt)
    _dflt                                    0x0800697d   Thumb Code    46  dflt_clz.o(x$fpl$dflt)
    __aeabi_cdcmple                          0x080069ad   Thumb Code     0  dleqf.o(x$fpl$dleqf)
    _dcmple                                  0x080069ad   Thumb Code   120  dleqf.o(x$fpl$dleqf)
    __fpl_dcmple_InfNaN                      0x08006a0f   Thumb Code     0  dleqf.o(x$fpl$dleqf)
    __aeabi_dmul                             0x08006a25   Thumb Code     0  dmul.o(x$fpl$dmul)
    _dmul                                    0x08006a25   Thumb Code   332  dmul.o(x$fpl$dmul)
    __fpl_dnaninf                            0x08006b79   Thumb Code   156  dnaninf.o(x$fpl$dnaninf)
    __fpl_dretinf                            0x08006c15   Thumb Code    12  dretinf.o(x$fpl$dretinf)
    __aeabi_cdrcmple                         0x08006c21   Thumb Code     0  drleqf.o(x$fpl$drleqf)
    _drcmple                                 0x08006c21   Thumb Code   108  drleqf.o(x$fpl$drleqf)
    __aeabi_dsub                             0x08006c8d   Thumb Code     0  daddsub_clz.o(x$fpl$dsub)
    _dsub                                    0x08006c8d   Thumb Code   464  daddsub_clz.o(x$fpl$dsub)
    __aeabi_f2d                              0x08006e61   Thumb Code     0  f2d.o(x$fpl$f2d)
    _f2d                                     0x08006e61   Thumb Code    86  f2d.o(x$fpl$f2d)
    __aeabi_fadd                             0x08006eb9   Thumb Code     0  faddsub_clz.o(x$fpl$fadd)
    _fadd                                    0x08006eb9   Thumb Code   196  faddsub_clz.o(x$fpl$fadd)
    __fpl_fcheck_NaN1                        0x08006f7d   Thumb Code     6  fcheck1.o(x$fpl$fcheck1)
    __fpl_fcmp_Inf                           0x08006f89   Thumb Code    24  fcmpi.o(x$fpl$fcmpinf)
    __aeabi_f2iz                             0x08006fa1   Thumb Code     0  ffix.o(x$fpl$ffix)
    _ffix                                    0x08006fa1   Thumb Code    54  ffix.o(x$fpl$ffix)
    __aeabi_i2f                              0x08006fd9   Thumb Code     0  fflt_clz.o(x$fpl$fflt)
    _fflt                                    0x08006fd9   Thumb Code    48  fflt_clz.o(x$fpl$fflt)
    __aeabi_ui2f                             0x08007009   Thumb Code     0  fflt_clz.o(x$fpl$ffltu)
    _ffltu                                   0x08007009   Thumb Code    38  fflt_clz.o(x$fpl$ffltu)
    __aeabi_cfcmple                          0x08007031   Thumb Code     0  fleqf.o(x$fpl$fleqf)
    _fcmple                                  0x08007031   Thumb Code   104  fleqf.o(x$fpl$fleqf)
    __fpl_fcmple_InfNaN                      0x08007083   Thumb Code     0  fleqf.o(x$fpl$fleqf)
    __aeabi_fmul                             0x08007099   Thumb Code     0  fmul.o(x$fpl$fmul)
    _fmul                                    0x08007099   Thumb Code   258  fmul.o(x$fpl$fmul)
    __fpl_fnaninf                            0x0800719b   Thumb Code   140  fnaninf.o(x$fpl$fnaninf)
    __fpl_fretinf                            0x08007227   Thumb Code    10  fretinf.o(x$fpl$fretinf)
    __aeabi_cfrcmple                         0x08007231   Thumb Code     0  frleqf.o(x$fpl$frleqf)
    _frcmple                                 0x08007231   Thumb Code    98  frleqf.o(x$fpl$frleqf)
    __aeabi_frsub                            0x08007293   Thumb Code     0  faddsub_clz.o(x$fpl$frsb)
    _frsb                                    0x08007293   Thumb Code    20  faddsub_clz.o(x$fpl$frsb)
    __aeabi_fsub                             0x080072a9   Thumb Code     0  faddsub_clz.o(x$fpl$fsub)
    _fsub                                    0x080072a9   Thumb Code   234  faddsub_clz.o(x$fpl$fsub)
    _printf_fp_dec                           0x08007393   Thumb Code     4  printf1.o(x$fpl$printf1)
    __fpl_return_NaN                         0x08007397   Thumb Code   100  retnan.o(x$fpl$retnan)
    __ARM_scalbnf                            0x080073fb   Thumb Code    76  scalbnf.o(x$fpl$scalbnf)
    __fpl_cmpreturn                          0x08007447   Thumb Code    48  trapv.o(x$fpl$trapveneer)
    __I$use$fp                               0x08007476   Number         0  usenofp.o(x$fpl$usenofp)
    BLETask_attributes                       0x08007478   Data          36  freertos.o(.constdata)
    sensorTask_attributes                    0x0800749c   Data          36  freertos.o(.constdata)
    screenTask_attributes                    0x080074c0   Data          36  freertos.o(.constdata)
    InputTask_attributes                     0x080074e4   Data          36  freertos.o(.constdata)
    BLEQueue_attributes                      0x08007508   Data          24  freertos.o(.constdata)
    i2c1Mutex_attributes                     0x08007520   Data          16  freertos.o(.constdata)
    AHBPrescTable                            0x08007542   Data          16  system_stm32f1xx.o(.constdata)
    APBPrescTable                            0x08007552   Data           8  system_stm32f1xx.o(.constdata)
    ascii_12x6                               0x0800755a   Data        1140  font.o(.constdata)
    afont12x6                                0x080079d0   Data           8  font.o(.constdata)
    zh12x12                                  0x080079d8   Data         504  font.o(.constdata)
    font12x12                                0x08007bd0   Data          16  font.o(.constdata)
    Region$$Table$$Base                      0x08007cb8   Number         0  anon$$obj.o(Region$$Table)
    Region$$Table$$Limit                     0x08007cd8   Number         0  anon$$obj.o(Region$$Table)
    BLETaskHandle                            0x20000000   Data           4  freertos.o(.data)
    sensorTaskHandle                         0x20000004   Data           4  freertos.o(.data)
    screenTaskHandle                         0x20000008   Data           4  freertos.o(.data)
    InputTaskHandle                          0x2000000c   Data           4  freertos.o(.data)
    BLEQueueHandle                           0x20000010   Data           4  freertos.o(.data)
    i2c1MutexHandle                          0x20000014   Data           4  freertos.o(.data)
    uwTickFreq                               0x20000018   Data           1  stm32f1xx_hal.o(.data)
    uwTickPrio                               0x2000001c   Data           4  stm32f1xx_hal.o(.data)
    uwTick                                   0x20000020   Data           4  stm32f1xx_hal.o(.data)
    SystemCoreClock                          0x20000024   Data           4  system_stm32f1xx.o(.data)
    pxCurrentTCB                             0x20000028   Data           4  tasks.o(.data)
    farmState                                0x200000b0   Data           8  farmstate.o(.data)
    pageIndex                                0x200000b8   Data           1  screen.o(.data)
    rangeEditIndex                           0x200000b9   Data           1  screen.o(.data)
    rangeEditState                           0x200000ba   Data           1  screen.o(.data)
    hi2c1                                    0x200000bc   Data          84  i2c.o(.bss)
    htim1                                    0x20000110   Data          72  tim.o(.bss)
    huart3                                   0x20000158   Data          72  usart.o(.bss)
    hdma_usart3_tx                           0x200001a0   Data          68  usart.o(.bss)
    hdma_usart3_rx                           0x200001e4   Data          68  usart.o(.bss)
    htim4                                    0x20000228   Data          72  stm32f1xx_hal_timebase_tim.o(.bss)
    xQueueRegistry                           0x20000270   Data          64  queue.o(.bss)
    OLED_GRAM                                0x20001bc5   Data        1024  oled.o(.bss)
    farmSafeRange                            0x20001fc8   Data          16  farmstate.o(.bss)
    __libspace_start                         0x20001fd8   Data          96  libspace.o(.bss)
    __temporary_stack_top$libspace           0x20002038   Data           0  libspace.o(.bss)



==============================================================================

Memory Map of the image

  Image Entry point : 0x080000ed

  Load Region LR_IROM1 (Base: 0x08000000, Size: 0x00007db0, Max: 0x00010000, ABSOLUTE)

    Execution Region ER_IROM1 (Exec base: 0x08000000, Load base: 0x08000000, Size: 0x00007cf4, Max: 0x00010000, ABSOLUTE)

    Exec Addr    Load Addr    Size         Type   Attr      Idx    E Section Name        Object

    0x08000000   0x08000000   0x000000ec   Data   RO            3    RESET               startup_stm32f103xb.o
    0x080000ec   0x080000ec   0x00000008   Code   RO         5775  * !!!main             c_w.l(__main.o)
    0x080000f4   0x080000f4   0x00000034   Code   RO         6063    !!!scatter          c_w.l(__scatter.o)
    0x08000128   0x08000128   0x0000001a   Code   RO         6065    !!handler_copy      c_w.l(__scatter_copy.o)
    0x08000142   0x08000142   0x00000002   PAD
    0x08000144   0x08000144   0x0000001c   Code   RO         6067    !!handler_zi        c_w.l(__scatter_zi.o)
    0x08000160   0x08000160   0x00000000   Code   RO         5758    .ARM.Collect$$_printf_percent$$00000000  c_w.l(_printf_percent.o)
    0x08000160   0x08000160   0x00000006   Code   RO         5757    .ARM.Collect$$_printf_percent$$00000003  c_w.l(_printf_f.o)
    0x08000166   0x08000166   0x00000006   Code   RO         5756    .ARM.Collect$$_printf_percent$$00000009  c_w.l(_printf_d.o)
    0x0800016c   0x0800016c   0x00000006   Code   RO         5755    .ARM.Collect$$_printf_percent$$00000014  c_w.l(_printf_s.o)
    0x08000172   0x08000172   0x00000004   Code   RO         5842    .ARM.Collect$$_printf_percent$$00000017  c_w.l(_printf_percent_end.o)
    0x08000176   0x08000176   0x00000002   Code   RO         5934    .ARM.Collect$$libinit$$00000000  c_w.l(libinit.o)
    0x08000178   0x08000178   0x00000000   Code   RO         5936    .ARM.Collect$$libinit$$00000002  c_w.l(libinit2.o)
    0x08000178   0x08000178   0x00000000   Code   RO         5938    .ARM.Collect$$libinit$$00000004  c_w.l(libinit2.o)
    0x08000178   0x08000178   0x00000000   Code   RO         5941    .ARM.Collect$$libinit$$0000000A  c_w.l(libinit2.o)
    0x08000178   0x08000178   0x00000000   Code   RO         5943    .ARM.Collect$$libinit$$0000000C  c_w.l(libinit2.o)
    0x08000178   0x08000178   0x00000000   Code   RO         5945    .ARM.Collect$$libinit$$0000000E  c_w.l(libinit2.o)
    0x08000178   0x08000178   0x00000006   Code   RO         5946    .ARM.Collect$$libinit$$0000000F  c_w.l(libinit2.o)
    0x0800017e   0x0800017e   0x00000000   Code   RO         5948    .ARM.Collect$$libinit$$00000011  c_w.l(libinit2.o)
    0x0800017e   0x0800017e   0x00000000   Code   RO         5950    .ARM.Collect$$libinit$$00000013  c_w.l(libinit2.o)
    0x0800017e   0x0800017e   0x00000000   Code   RO         5952    .ARM.Collect$$libinit$$00000015  c_w.l(libinit2.o)
    0x0800017e   0x0800017e   0x0000000a   Code   RO         5953    .ARM.Collect$$libinit$$00000016  c_w.l(libinit2.o)
    0x08000188   0x08000188   0x00000000   Code   RO         5954    .ARM.Collect$$libinit$$00000017  c_w.l(libinit2.o)
    0x08000188   0x08000188   0x00000000   Code   RO         5956    .ARM.Collect$$libinit$$00000019  c_w.l(libinit2.o)
    0x08000188   0x08000188   0x00000000   Code   RO         5958    .ARM.Collect$$libinit$$0000001B  c_w.l(libinit2.o)
    0x08000188   0x08000188   0x00000000   Code   RO         5960    .ARM.Collect$$libinit$$0000001D  c_w.l(libinit2.o)
    0x08000188   0x08000188   0x00000000   Code   RO         5962    .ARM.Collect$$libinit$$0000001F  c_w.l(libinit2.o)
    0x08000188   0x08000188   0x00000000   Code   RO         5964    .ARM.Collect$$libinit$$00000021  c_w.l(libinit2.o)
    0x08000188   0x08000188   0x00000000   Code   RO         5966    .ARM.Collect$$libinit$$00000023  c_w.l(libinit2.o)
    0x08000188   0x08000188   0x00000000   Code   RO         5968    .ARM.Collect$$libinit$$00000025  c_w.l(libinit2.o)
    0x08000188   0x08000188   0x00000000   Code   RO         5972    .ARM.Collect$$libinit$$0000002C  c_w.l(libinit2.o)
    0x08000188   0x08000188   0x00000000   Code   RO         5974    .ARM.Collect$$libinit$$0000002E  c_w.l(libinit2.o)
    0x08000188   0x08000188   0x00000000   Code   RO         5976    .ARM.Collect$$libinit$$00000030  c_w.l(libinit2.o)
    0x08000188   0x08000188   0x00000000   Code   RO         5978    .ARM.Collect$$libinit$$00000032  c_w.l(libinit2.o)
    0x08000188   0x08000188   0x00000002   Code   RO         5979    .ARM.Collect$$libinit$$00000033  c_w.l(libinit2.o)
    0x0800018a   0x0800018a   0x00000002   Code   RO         6011    .ARM.Collect$$libshutdown$$00000000  c_w.l(libshutdown.o)
    0x0800018c   0x0800018c   0x00000000   Code   RO         6022    .ARM.Collect$$libshutdown$$00000002  c_w.l(libshutdown2.o)
    0x0800018c   0x0800018c   0x00000000   Code   RO         6024    .ARM.Collect$$libshutdown$$00000004  c_w.l(libshutdown2.o)
    0x0800018c   0x0800018c   0x00000000   Code   RO         6027    .ARM.Collect$$libshutdown$$00000007  c_w.l(libshutdown2.o)
    0x0800018c   0x0800018c   0x00000000   Code   RO         6030    .ARM.Collect$$libshutdown$$0000000A  c_w.l(libshutdown2.o)
    0x0800018c   0x0800018c   0x00000000   Code   RO         6032    .ARM.Collect$$libshutdown$$0000000C  c_w.l(libshutdown2.o)
    0x0800018c   0x0800018c   0x00000000   Code   RO         6035    .ARM.Collect$$libshutdown$$0000000F  c_w.l(libshutdown2.o)
    0x0800018c   0x0800018c   0x00000002   Code   RO         6036    .ARM.Collect$$libshutdown$$00000010  c_w.l(libshutdown2.o)
    0x0800018e   0x0800018e   0x00000000   Code   RO         5829    .ARM.Collect$$rtentry$$00000000  c_w.l(__rtentry.o)
    0x0800018e   0x0800018e   0x00000000   Code   RO         5861    .ARM.Collect$$rtentry$$00000002  c_w.l(__rtentry2.o)
    0x0800018e   0x0800018e   0x00000006   Code   RO         5873    .ARM.Collect$$rtentry$$00000004  c_w.l(__rtentry4.o)
    0x08000194   0x08000194   0x00000000   Code   RO         5863    .ARM.Collect$$rtentry$$00000009  c_w.l(__rtentry2.o)
    0x08000194   0x08000194   0x00000004   Code   RO         5864    .ARM.Collect$$rtentry$$0000000A  c_w.l(__rtentry2.o)
    0x08000198   0x08000198   0x00000000   Code   RO         5866    .ARM.Collect$$rtentry$$0000000C  c_w.l(__rtentry2.o)
    0x08000198   0x08000198   0x00000008   Code   RO         5867    .ARM.Collect$$rtentry$$0000000D  c_w.l(__rtentry2.o)
    0x080001a0   0x080001a0   0x00000002   Code   RO         5982    .ARM.Collect$$rtexit$$00000000  c_w.l(rtexit.o)
    0x080001a2   0x080001a2   0x00000000   Code   RO         5989    .ARM.Collect$$rtexit$$00000002  c_w.l(rtexit2.o)
    0x080001a2   0x080001a2   0x00000004   Code   RO         5990    .ARM.Collect$$rtexit$$00000003  c_w.l(rtexit2.o)
    0x080001a6   0x080001a6   0x00000006   Code   RO         5991    .ARM.Collect$$rtexit$$00000004  c_w.l(rtexit2.o)
    0x080001ac   0x080001ac   0x00000096   Code   RO         5065    .emb_text           port.o
    0x08000242   0x08000242   0x00000002   PAD
    0x08000244   0x08000244   0x00000040   Code   RO            4    .text               startup_stm32f103xb.o
    0x08000284   0x08000284   0x00000028   Code   RO         5725    .text               c_w.l(noretval__2sprintf.o)
    0x080002ac   0x080002ac   0x00000034   Code   RO         5727    .text               c_w.l(noretval__2snprintf.o)
    0x080002e0   0x080002e0   0x00000052   Code   RO         5731    .text               c_w.l(_printf_str.o)
    0x08000332   0x08000332   0x00000002   PAD
    0x08000334   0x08000334   0x00000078   Code   RO         5733    .text               c_w.l(_printf_dec.o)
    0x080003ac   0x080003ac   0x0000010e   Code   RO         5743    .text               c_w.l(__printf_wp.o)
    0x080004ba   0x080004ba   0x00000058   Code   RO         5759    .text               c_w.l(memcmp.o)
    0x08000512   0x08000512   0x0000003e   Code   RO         5761    .text               c_w.l(strlen.o)
    0x08000550   0x08000550   0x0000008a   Code   RO         5763    .text               c_w.l(rt_memcpy_v6.o)
    0x080005da   0x080005da   0x00000010   Code   RO         5767    .text               c_w.l(aeabi_memset.o)
    0x080005ea   0x080005ea   0x00000044   Code   RO         5769    .text               c_w.l(rt_memclr.o)
    0x0800062e   0x0800062e   0x0000004e   Code   RO         5771    .text               c_w.l(rt_memclr_w.o)
    0x0800067c   0x0800067c   0x00000006   Code   RO         5773    .text               c_w.l(heapauxi.o)
    0x08000682   0x08000682   0x000000b2   Code   RO         5830    .text               c_w.l(_printf_intcommon.o)
    0x08000734   0x08000734   0x0000041e   Code   RO         5832    .text               c_w.l(_printf_fp_dec.o)
    0x08000b52   0x08000b52   0x00000002   PAD
    0x08000b54   0x08000b54   0x00000030   Code   RO         5834    .text               c_w.l(_printf_char_common.o)
    0x08000b84   0x08000b84   0x0000000a   Code   RO         5836    .text               c_w.l(_sputc.o)
    0x08000b8e   0x08000b8e   0x00000010   Code   RO         5838    .text               c_w.l(_snputc.o)
    0x08000b9e   0x08000b9e   0x0000002c   Code   RO         5840    .text               c_w.l(_printf_char.o)
    0x08000bca   0x08000bca   0x00000064   Code   RO         5843    .text               c_w.l(rt_memcpy_w.o)
    0x08000c2e   0x08000c2e   0x00000002   PAD
    0x08000c30   0x08000c30   0x00000008   Code   RO         5878    .text               c_w.l(rt_locale_intlibspace.o)
    0x08000c38   0x08000c38   0x0000008a   Code   RO         5880    .text               c_w.l(lludiv10.o)
    0x08000cc2   0x08000cc2   0x00000002   PAD
    0x08000cc4   0x08000cc4   0x00000080   Code   RO         5882    .text               c_w.l(_printf_fp_infnan.o)
    0x08000d44   0x08000d44   0x000000e4   Code   RO         5886    .text               c_w.l(bigflt0.o)
    0x08000e28   0x08000e28   0x00000008   Code   RO         5920    .text               c_w.l(libspace.o)
    0x08000e30   0x08000e30   0x0000004a   Code   RO         5923    .text               c_w.l(sys_stackheap_outer.o)
    0x08000e7a   0x08000e7a   0x00000012   Code   RO         5925    .text               c_w.l(exit.o)
    0x08000e8c   0x08000e8c   0x00000080   Code   RO         5927    .text               c_w.l(strcmpv7m.o)
    0x08000f0c   0x08000f0c   0x0000000c   Code   RO         6001    .text               c_w.l(sys_exit.o)
    0x08000f18   0x08000f18   0x00000002   Code   RO         6012    .text               c_w.l(use_no_semi.o)
    0x08000f1a   0x08000f1a   0x00000000   Code   RO         6014    .text               c_w.l(indicate_semi.o)
    0x08000f1a   0x08000f1a   0x0000003e   Code   RO         5889    CL$$btod_d2e        c_w.l(btod.o)
    0x08000f58   0x08000f58   0x00000046   Code   RO         5891    CL$$btod_d2e_denorm_low  c_w.l(btod.o)
    0x08000f9e   0x08000f9e   0x00000060   Code   RO         5890    CL$$btod_d2e_norm_op1  c_w.l(btod.o)
    0x08000ffe   0x08000ffe   0x00000338   Code   RO         5899    CL$$btod_div_common  c_w.l(btod.o)
    0x08001336   0x08001336   0x000000dc   Code   RO         5896    CL$$btod_e2e        c_w.l(btod.o)
    0x08001412   0x08001412   0x0000002a   Code   RO         5893    CL$$btod_ediv       c_w.l(btod.o)
    0x0800143c   0x0800143c   0x0000002a   Code   RO         5892    CL$$btod_emul       c_w.l(btod.o)
    0x08001466   0x08001466   0x00000244   Code   RO         5898    CL$$btod_mult_common  c_w.l(btod.o)
    0x080016aa   0x080016aa   0x00000002   PAD
    0x080016ac   0x080016ac   0x00000040   Code   RO         5145    i.AHT20_Init        aht20.o
    0x080016ec   0x080016ec   0x000000b4   Code   RO         5146    i.AHT20_Read        aht20.o
    0x080017a0   0x080017a0   0x00000002   Code   RO          418    i.BusFault_Handler  stm32f1xx_it.o
    0x080017a2   0x080017a2   0x0000003a   Code   RO         5515    i.ChackRangeFloat   sensortask.o
    0x080017dc   0x080017dc   0x0000000c   Code   RO          419    i.DMA1_Channel2_IRQHandler  stm32f1xx_it.o
    0x080017e8   0x080017e8   0x0000000c   Code   RO          420    i.DMA1_Channel3_IRQHandler  stm32f1xx_it.o
    0x080017f4   0x080017f4   0x0000002a   Code   RO         1952    i.DMA_SetConfig     stm32f1xx_hal_dma.o
    0x0800181e   0x0800181e   0x00000002   Code   RO          421    i.DebugMon_Handler  stm32f1xx_it.o
    0x08001820   0x08001820   0x00000180   Code   RO         5684    i.EditRangeValue    inputtask.o
    0x080019a0   0x080019a0   0x00000028   Code   RO         5615    i.EnvSafeRange_Init  farmstate.o
    0x080019c8   0x080019c8   0x00000004   Code   RO           13    i.Error_Handler     main.o
    0x080019cc   0x080019cc   0x00000046   Code   RO         1953    i.HAL_DMA_Abort     stm32f1xx_hal_dma.o
    0x08001a12   0x08001a12   0x00000002   PAD
    0x08001a14   0x08001a14   0x00000098   Code   RO         1954    i.HAL_DMA_Abort_IT  stm32f1xx_hal_dma.o
    0x08001aac   0x08001aac   0x00000154   Code   RO         1958    i.HAL_DMA_IRQHandler  stm32f1xx_hal_dma.o
    0x08001c00   0x08001c00   0x0000005c   Code   RO         1959    i.HAL_DMA_Init      stm32f1xx_hal_dma.o
    0x08001c5c   0x08001c5c   0x00000070   Code   RO         1963    i.HAL_DMA_Start_IT  stm32f1xx_hal_dma.o
    0x08001ccc   0x08001ccc   0x00000024   Code   RO         1579    i.HAL_Delay         stm32f1xx_hal.o
    0x08001cf0   0x08001cf0   0x000001e0   Code   RO         1889    i.HAL_GPIO_Init     stm32f1xx_hal_gpio.o
    0x08001ed0   0x08001ed0   0x0000000a   Code   RO         1891    i.HAL_GPIO_ReadPin  stm32f1xx_hal_gpio.o
    0x08001eda   0x08001eda   0x00000002   PAD
    0x08001edc   0x08001edc   0x0000000c   Code   RO         1583    i.HAL_GetTick       stm32f1xx_hal.o
    0x08001ee8   0x08001ee8   0x00000188   Code   RO         2560    i.HAL_I2C_Init      stm32f1xx_hal_i2c.o
    0x08002070   0x08002070   0x00000250   Code   RO         2566    i.HAL_I2C_Master_Receive  stm32f1xx_hal_i2c.o
    0x080022c0   0x080022c0   0x0000012c   Code   RO         2573    i.HAL_I2C_Master_Transmit  stm32f1xx_hal_i2c.o
    0x080023ec   0x080023ec   0x0000005c   Code   RO          293    i.HAL_I2C_MspInit   i2c.o
    0x08002448   0x08002448   0x00000010   Code   RO         1589    i.HAL_IncTick       stm32f1xx_hal.o
    0x08002458   0x08002458   0x00000024   Code   RO         1590    i.HAL_Init          stm32f1xx_hal.o
    0x0800247c   0x0800247c   0x00000098   Code   RO          524    i.HAL_InitTick      stm32f1xx_hal_timebase_tim.o
    0x08002514   0x08002514   0x00000048   Code   RO          500    i.HAL_MspInit       stm32f1xx_hal_msp.o
    0x0800255c   0x0800255c   0x0000001a   Code   RO         2049    i.HAL_NVIC_EnableIRQ  stm32f1xx_hal_cortex.o
    0x08002576   0x08002576   0x00000002   PAD
    0x08002578   0x08002578   0x00000040   Code   RO         2055    i.HAL_NVIC_SetPriority  stm32f1xx_hal_cortex.o
    0x080025b8   0x080025b8   0x00000024   Code   RO         2056    i.HAL_NVIC_SetPriorityGrouping  stm32f1xx_hal_cortex.o
    0x080025dc   0x080025dc   0x0000012c   Code   RO         1747    i.HAL_RCC_ClockConfig  stm32f1xx_hal_rcc.o
    0x08002708   0x08002708   0x00000040   Code   RO         1751    i.HAL_RCC_GetClockConfig  stm32f1xx_hal_rcc.o
    0x08002748   0x08002748   0x00000020   Code   RO         1754    i.HAL_RCC_GetPCLK1Freq  stm32f1xx_hal_rcc.o
    0x08002768   0x08002768   0x00000020   Code   RO         1755    i.HAL_RCC_GetPCLK2Freq  stm32f1xx_hal_rcc.o
    0x08002788   0x08002788   0x0000004c   Code   RO         1756    i.HAL_RCC_GetSysClockFreq  stm32f1xx_hal_rcc.o
    0x080027d4   0x080027d4   0x00000320   Code   RO         1759    i.HAL_RCC_OscConfig  stm32f1xx_hal_rcc.o
    0x08002af4   0x08002af4   0x00000002   Code   RO         1305    i.HAL_TIMEx_BreakCallback  stm32f1xx_hal_tim_ex.o
    0x08002af6   0x08002af6   0x00000002   Code   RO         1306    i.HAL_TIMEx_CommutCallback  stm32f1xx_hal_tim_ex.o
    0x08002af8   0x08002af8   0x00000068   Code   RO         1324    i.HAL_TIMEx_MasterConfigSynchronization  stm32f1xx_hal_tim_ex.o
    0x08002b60   0x08002b60   0x0000005a   Code   RO          601    i.HAL_TIM_Base_Init  stm32f1xx_hal_tim.o
    0x08002bba   0x08002bba   0x00000002   Code   RO          603    i.HAL_TIM_Base_MspInit  stm32f1xx_hal_tim.o
    0x08002bbc   0x08002bbc   0x00000058   Code   RO          606    i.HAL_TIM_Base_Start_IT  stm32f1xx_hal_tim.o
    0x08002c14   0x08002c14   0x000000a4   Code   RO          622    i.HAL_TIM_Encoder_Init  stm32f1xx_hal_tim.o
    0x08002cb8   0x08002cb8   0x00000058   Code   RO          335    i.HAL_TIM_Encoder_MspInit  tim.o
    0x08002d10   0x08002d10   0x0000008e   Code   RO          625    i.HAL_TIM_Encoder_Start  stm32f1xx_hal_tim.o
    0x08002d9e   0x08002d9e   0x00000002   Code   RO          635    i.HAL_TIM_IC_CaptureCallback  stm32f1xx_hal_tim.o
    0x08002da0   0x08002da0   0x00000130   Code   RO          649    i.HAL_TIM_IRQHandler  stm32f1xx_hal_tim.o
    0x08002ed0   0x08002ed0   0x00000002   Code   RO          652    i.HAL_TIM_OC_DelayElapsedCallback  stm32f1xx_hal_tim.o
    0x08002ed2   0x08002ed2   0x00000002   Code   RO          679    i.HAL_TIM_PWM_PulseFinishedCallback  stm32f1xx_hal_tim.o
    0x08002ed4   0x08002ed4   0x00000014   Code   RO           14    i.HAL_TIM_PeriodElapsedCallback  main.o
    0x08002ee8   0x08002ee8   0x00000002   Code   RO          692    i.HAL_TIM_TriggerCallback  stm32f1xx_hal_tim.o
    0x08002eea   0x08002eea   0x00000002   Code   RO         2998    i.HAL_UARTEx_RxEventCallback  stm32f1xx_hal_uart.o
    0x08002eec   0x08002eec   0x00000002   Code   RO         3012    i.HAL_UART_ErrorCallback  stm32f1xx_hal_uart.o
    0x08002eee   0x08002eee   0x0000000a   Code   RO         3014    i.HAL_UART_GetState  stm32f1xx_hal_uart.o
    0x08002ef8   0x08002ef8   0x0000026c   Code   RO         3015    i.HAL_UART_IRQHandler  stm32f1xx_hal_uart.o
    0x08003164   0x08003164   0x00000064   Code   RO         3016    i.HAL_UART_Init     stm32f1xx_hal_uart.o
    0x080031c8   0x080031c8   0x000000d8   Code   RO          377    i.HAL_UART_MspInit  usart.o
    0x080032a0   0x080032a0   0x00000002   Code   RO         3022    i.HAL_UART_RxCpltCallback  stm32f1xx_hal_uart.o
    0x080032a2   0x080032a2   0x00000002   PAD
    0x080032a4   0x080032a4   0x00000078   Code   RO         3025    i.HAL_UART_Transmit_DMA  stm32f1xx_hal_uart.o
    0x0800331c   0x0800331c   0x00000002   Code   RO         3027    i.HAL_UART_TxCpltCallback  stm32f1xx_hal_uart.o
    0x0800331e   0x0800331e   0x00000002   Code   RO         3028    i.HAL_UART_TxHalfCpltCallback  stm32f1xx_hal_uart.o
    0x08003320   0x08003320   0x00000002   Code   RO          422    i.HardFault_Handler  stm32f1xx_it.o
    0x08003322   0x08003322   0x0000002e   Code   RO         2603    i.I2C_IsAcknowledgeFailed  stm32f1xx_hal_i2c.o
    0x08003350   0x08003350   0x000000ec   Code   RO         2606    i.I2C_MasterRequestRead  stm32f1xx_hal_i2c.o
    0x0800343c   0x0800343c   0x0000009c   Code   RO         2607    i.I2C_MasterRequestWrite  stm32f1xx_hal_i2c.o
    0x080034d8   0x080034d8   0x00000056   Code   RO         2618    i.I2C_WaitOnBTFFlagUntilTimeout  stm32f1xx_hal_i2c.o
    0x0800352e   0x0800352e   0x00000002   PAD
    0x08003530   0x08003530   0x00000090   Code   RO         2619    i.I2C_WaitOnFlagUntilTimeout  stm32f1xx_hal_i2c.o
    0x080035c0   0x080035c0   0x000000bc   Code   RO         2620    i.I2C_WaitOnMasterAddressFlagUntilTimeout  stm32f1xx_hal_i2c.o
    0x0800367c   0x0800367c   0x00000070   Code   RO         2621    i.I2C_WaitOnRXNEFlagUntilTimeout  stm32f1xx_hal_i2c.o
    0x080036ec   0x080036ec   0x00000056   Code   RO         2622    i.I2C_WaitOnTXEFlagUntilTimeout  stm32f1xx_hal_i2c.o
    0x08003742   0x08003742   0x00000002   PAD
    0x08003744   0x08003744   0x0000000c   Code   RO         5396    i.Knob_GetCounter   knob.o
    0x08003750   0x08003750   0x0000001c   Code   RO         5397    i.Knob_Init         knob.o
    0x0800376c   0x0800376c   0x0000002c   Code   RO         5398    i.Knob_IsRotating   knob.o
    0x08003798   0x08003798   0x0000003c   Code   RO          268    i.MX_DMA_Init       dma.o
    0x080037d4   0x080037d4   0x0000006c   Code   RO          222    i.MX_FREERTOS_Init  freertos.o
    0x08003840   0x08003840   0x00000048   Code   RO          198    i.MX_GPIO_Init      gpio.o
    0x08003888   0x08003888   0x00000040   Code   RO          294    i.MX_I2C1_Init      i2c.o
    0x080038c8   0x080038c8   0x00000070   Code   RO          336    i.MX_TIM1_Init      tim.o
    0x08003938   0x08003938   0x00000038   Code   RO          378    i.MX_USART3_UART_Init  usart.o
    0x08003970   0x08003970   0x00000002   Code   RO          423    i.MemManage_Handler  stm32f1xx_it.o
    0x08003972   0x08003972   0x00000002   Code   RO          424    i.NMI_Handler       stm32f1xx_it.o
    0x08003974   0x08003974   0x00000104   Code   RO         5207    i.OLED_DrawLine     oled.o
    0x08003a78   0x08003a78   0x000000a2   Code   RO         5210    i.OLED_Init         oled.o
    0x08003b1a   0x08003b1a   0x00000002   PAD
    0x08003b1c   0x08003b1c   0x00000010   Code   RO         5211    i.OLED_NewFrame     oled.o
    0x08003b2c   0x08003b2c   0x00000020   Code   RO         5212    i.OLED_PrintASCIIChar  oled.o
    0x08003b4c   0x08003b4c   0x0000002e   Code   RO         5213    i.OLED_PrintASCIIString  oled.o
    0x08003b7a   0x08003b7a   0x000000b6   Code   RO         5214    i.OLED_PrintString  oled.o
    0x08003c30   0x08003c30   0x0000001c   Code   RO         5215    i.OLED_Send         oled.o
    0x08003c4c   0x08003c4c   0x00000010   Code   RO         5216    i.OLED_SendCmd      oled.o
    0x08003c5c   0x08003c5c   0x00000048   Code   RO         5217    i.OLED_SetBits      oled.o
    0x08003ca4   0x08003ca4   0x00000068   Code   RO         5218    i.OLED_SetBits_Fine  oled.o
    0x08003d0c   0x08003d0c   0x00000088   Code   RO         5219    i.OLED_SetBlock     oled.o
    0x08003d94   0x08003d94   0x00000048   Code   RO         5221    i.OLED_SetByte_Fine  oled.o
    0x08003ddc   0x08003ddc   0x00000030   Code   RO         5223    i.OLED_SetPixel     oled.o
    0x08003e0c   0x08003e0c   0x00000048   Code   RO         5224    i.OLED_ShowFrame    oled.o
    0x08003e54   0x08003e54   0x00000018   Code   RO         5634    i.RangeEditIndex_Next  screen.o
    0x08003e6c   0x08003e6c   0x00000014   Code   RO         5635    i.RangeEditIndex_Prev  screen.o
    0x08003e80   0x08003e80   0x00000014   Code   RO         5638    i.RangeEditState_Toggle  screen.o
    0x08003e94   0x08003e94   0x00000018   Code   RO         5639    i.ScreenPage_NextPage  screen.o
    0x08003eac   0x08003eac   0x000000a8   Code   RO         5516    i.SendWarningFloat  sensortask.o
    0x08003f54   0x08003f54   0x0000004c   Code   RO         5481    i.StartBLETask      bletask.o
    0x08003fa0   0x08003fa0   0x00000078   Code   RO         5685    i.StartInputTask    inputtask.o
    0x08004018   0x08004018   0x00000048   Code   RO         5559    i.StartscreenTask   screentask.o
    0x08004060   0x08004060   0x0000011c   Code   RO         5517    i.StartsensorTask   sensortask.o
    0x0800417c   0x0800417c   0x0000001a   Code   RO         4497    i.SysTick_Handler   cmsis_os2.o
    0x08004196   0x08004196   0x00000050   Code   RO           15    i.SystemClock_Config  main.o
    0x080041e6   0x080041e6   0x00000002   Code   RO         3350    i.SystemInit        system_stm32f1xx.o
    0x080041e8   0x080041e8   0x0000000c   Code   RO          425    i.TIM4_IRQHandler   stm32f1xx_it.o
    0x080041f4   0x080041f4   0x00000078   Code   RO          694    i.TIM_Base_SetConfig  stm32f1xx_hal_tim.o
    0x0800426c   0x0800426c   0x0000001a   Code   RO          695    i.TIM_CCxChannelCmd  stm32f1xx_hal_tim.o
    0x08004286   0x08004286   0x00000010   Code   RO         3029    i.UART_DMAAbortOnError  stm32f1xx_hal_uart.o
    0x08004296   0x08004296   0x0000004a   Code   RO         3030    i.UART_DMAError     stm32f1xx_hal_uart.o
    0x080042e0   0x080042e0   0x00000042   Code   RO         3035    i.UART_DMATransmitCplt  stm32f1xx_hal_uart.o
    0x08004322   0x08004322   0x0000000a   Code   RO         3037    i.UART_DMATxHalfCplt  stm32f1xx_hal_uart.o
    0x0800432c   0x0800432c   0x0000004e   Code   RO         3039    i.UART_EndRxTransfer  stm32f1xx_hal_uart.o
    0x0800437a   0x0800437a   0x0000001c   Code   RO         3040    i.UART_EndTxTransfer  stm32f1xx_hal_uart.o
    0x08004396   0x08004396   0x000000c2   Code   RO         3041    i.UART_Receive_IT   stm32f1xx_hal_uart.o
    0x08004458   0x08004458   0x000000b8   Code   RO         3042    i.UART_SetConfig    stm32f1xx_hal_uart.o
    0x08004510   0x08004510   0x0000000c   Code   RO          426    i.USART3_IRQHandler  stm32f1xx_it.o
    0x0800451c   0x0800451c   0x00000002   Code   RO          427    i.UsageFault_Handler  stm32f1xx_it.o
    0x0800451e   0x0800451e   0x00000032   Code   RO         5225    i._OLED_GetUTF8Len  oled.o
    0x08004550   0x08004550   0x00000028   Code   RO         5918    i.__ARM_fpclassify  m_ws.l(fpclassify.o)
    0x08004578   0x08004578   0x00000020   Code   RO         2062    i.__NVIC_SetPriority  stm32f1xx_hal_cortex.o
    0x08004598   0x08004598   0x0000000e   Code   RO         5745    i._is_digit         c_w.l(__printf_wp.o)
    0x080045a6   0x080045a6   0x00000002   PAD
    0x080045a8   0x080045a8   0x00000054   Code   RO         5560    i.floatToIntDec     screentask.o
    0x080045fc   0x080045fc   0x00000016   Code   RO         5561    i.getCenteredX      screentask.o
    0x08004612   0x08004612   0x00000002   PAD
    0x08004614   0x08004614   0x00000048   Code   RO         5440    i.isKey1Clicked     key.o
    0x0800465c   0x0800465c   0x00000048   Code   RO         5441    i.isKey3Clicked     key.o
    0x080046a4   0x080046a4   0x0000002a   Code   RO           16    i.main              main.o
    0x080046ce   0x080046ce   0x0000001a   Code   RO         4499    i.osDelay           cmsis_os2.o
    0x080046e8   0x080046e8   0x00000024   Code   RO         4513    i.osKernelInitialize  cmsis_os2.o
    0x0800470c   0x0800470c   0x00000038   Code   RO         4516    i.osKernelStart     cmsis_os2.o
    0x08004744   0x08004744   0x00000064   Code   RO         4528    i.osMessageQueueGet  cmsis_os2.o
    0x080047a8   0x080047a8   0x00000058   Code   RO         4533    i.osMessageQueueNew  cmsis_os2.o
    0x08004800   0x08004800   0x00000068   Code   RO         4534    i.osMessageQueuePut  cmsis_os2.o
    0x08004868   0x08004868   0x00000052   Code   RO         4536    i.osMutexAcquire    cmsis_os2.o
    0x080048ba   0x080048ba   0x00000068   Code   RO         4539    i.osMutexNew        cmsis_os2.o
    0x08004922   0x08004922   0x00000042   Code   RO         4540    i.osMutexRelease    cmsis_os2.o
    0x08004964   0x08004964   0x0000008a   Code   RO         4558    i.osThreadNew       cmsis_os2.o
    0x080049ee   0x080049ee   0x00000002   PAD
    0x080049f0   0x080049f0   0x0000005c   Code   RO         3958    i.prvAddCurrentTaskToDelayedList  tasks.o
    0x08004a4c   0x08004a4c   0x000000d0   Code   RO         3959    i.prvAddNewTaskToReadyList  tasks.o
    0x08004b1c   0x08004b1c   0x00000058   Code   RO         4323    i.prvCheckForValidListAndQueue  timers.o
    0x08004b74   0x08004b74   0x00000026   Code   RO         3555    i.prvCopyDataFromQueue  queue.o
    0x08004b9a   0x08004b9a   0x0000006c   Code   RO         3556    i.prvCopyDataToQueue  queue.o
    0x08004c06   0x08004c06   0x00000034   Code   RO         3960    i.prvDeleteTCB      tasks.o
    0x08004c3a   0x08004c3a   0x00000002   PAD
    0x08004c3c   0x08004c3c   0x0000004c   Code   RO         5010    i.prvHeapInit       heap_4.o
    0x08004c88   0x08004c88   0x00000060   Code   RO         3961    i.prvIdleTask       tasks.o
    0x08004ce8   0x08004ce8   0x00000016   Code   RO         3557    i.prvInitialiseMutex  queue.o
    0x08004cfe   0x08004cfe   0x00000002   PAD
    0x08004d00   0x08004d00   0x00000022   Code   RO         3558    i.prvInitialiseNewQueue  queue.o
    0x08004d22   0x08004d22   0x00000002   PAD
    0x08004d24   0x08004d24   0x000000b0   Code   RO         3962    i.prvInitialiseNewTask  tasks.o
    0x08004dd4   0x08004dd4   0x0000004c   Code   RO         5011    i.prvInsertBlockIntoFreeList  heap_4.o
    0x08004e20   0x08004e20   0x00000038   Code   RO         4325    i.prvInsertTimerInActiveList  timers.o
    0x08004e58   0x08004e58   0x0000001c   Code   RO         3559    i.prvIsQueueEmpty   queue.o
    0x08004e74   0x08004e74   0x000000fc   Code   RO         4326    i.prvProcessReceivedCommands  timers.o
    0x08004f70   0x08004f70   0x000000c0   Code   RO         4327    i.prvProcessTimerOrBlockTask  timers.o
    0x08005030   0x08005030   0x00000020   Code   RO         3964    i.prvResetNextTaskUnblockTime  tasks.o
    0x08005050   0x08005050   0x00000028   Code   RO         4328    i.prvSampleTimeNow  timers.o
    0x08005078   0x08005078   0x0000006c   Code   RO         4329    i.prvSwitchTimerLists  timers.o
    0x080050e4   0x080050e4   0x00000028   Code   RO         5066    i.prvTaskExitError  port.o
    0x0800510c   0x0800510c   0x00000024   Code   RO         4330    i.prvTimerTask      timers.o
    0x08005130   0x08005130   0x0000006a   Code   RO         3560    i.prvUnlockQueue    queue.o
    0x0800519a   0x0800519a   0x00000002   PAD
    0x0800519c   0x0800519c   0x000000dc   Code   RO         5012    i.pvPortMalloc      heap_4.o
    0x08005278   0x08005278   0x00000018   Code   RO         3967    i.pvTaskIncrementMutexHeldCount  tasks.o
    0x08005290   0x08005290   0x00000024   Code   RO         5067    i.pxPortInitialiseStack  port.o
    0x080052b4   0x080052b4   0x000000e8   Code   RO         5562    i.renderHomePage    screentask.o
    0x0800539c   0x0800539c   0x000001f4   Code   RO         5563    i.renderRangePage   screentask.o
    0x08005590   0x08005590   0x00000026   Code   RO         3515    i.uxListRemove      list.o
    0x080055b6   0x080055b6   0x00000002   PAD
    0x080055b8   0x080055b8   0x00000014   Code   RO         4570    i.vApplicationGetIdleTaskMemory  cmsis_os2.o
    0x080055cc   0x080055cc   0x00000018   Code   RO         4571    i.vApplicationGetTimerTaskMemory  cmsis_os2.o
    0x080055e4   0x080055e4   0x00000016   Code   RO         3516    i.vListInitialise   list.o
    0x080055fa   0x080055fa   0x00000006   Code   RO         3517    i.vListInitialiseItem  list.o
    0x08005600   0x08005600   0x00000030   Code   RO         3518    i.vListInsert       list.o
    0x08005630   0x08005630   0x00000018   Code   RO         3519    i.vListInsertEnd    list.o
    0x08005648   0x08005648   0x00000040   Code   RO         5069    i.vPortEnterCritical  port.o
    0x08005688   0x08005688   0x00000028   Code   RO         5070    i.vPortExitCritical  port.o
    0x080056b0   0x080056b0   0x00000064   Code   RO         5013    i.vPortFree         heap_4.o
    0x08005714   0x08005714   0x00000024   Code   RO         5071    i.vPortSetupTimerInterrupt  port.o
    0x08005738   0x08005738   0x00000054   Code   RO         5072    i.vPortValidateInterruptPriority  port.o
    0x0800578c   0x0800578c   0x00000028   Code   RO         3566    i.vQueueAddToRegistry  queue.o
    0x080057b4   0x080057b4   0x00000044   Code   RO         3570    i.vQueueWaitForMessageRestricted  queue.o
    0x080057f8   0x080057f8   0x0000004c   Code   RO         3977    i.vTaskDelay        tasks.o
    0x08005844   0x08005844   0x00000010   Code   RO         3982    i.vTaskInternalSetTimeOutState  tasks.o
    0x08005854   0x08005854   0x0000000c   Code   RO         3983    i.vTaskMissedYield  tasks.o
    0x08005860   0x08005860   0x00000030   Code   RO         3985    i.vTaskPlaceOnEventList  tasks.o
    0x08005890   0x08005890   0x00000038   Code   RO         3986    i.vTaskPlaceOnEventListRestricted  tasks.o
    0x080058c8   0x080058c8   0x00000090   Code   RO         3988    i.vTaskPriorityDisinheritAfterTimeout  tasks.o
    0x08005958   0x08005958   0x00000088   Code   RO         3994    i.vTaskStartScheduler  tasks.o
    0x080059e0   0x080059e0   0x00000010   Code   RO         3996    i.vTaskSuspendAll   tasks.o
    0x080059f0   0x080059f0   0x00000064   Code   RO         3997    i.vTaskSwitchContext  tasks.o
    0x08005a54   0x08005a54   0x000000a8   Code   RO         5073    i.xPortStartScheduler  port.o
    0x08005afc   0x08005afc   0x0000002c   Code   RO         5074    i.xPortSysTickHandler  port.o
    0x08005b28   0x08005b28   0x00000016   Code   RO         3573    i.xQueueCreateMutex  queue.o
    0x08005b3e   0x08005b3e   0x0000001a   Code   RO         3574    i.xQueueCreateMutexStatic  queue.o
    0x08005b58   0x08005b58   0x00000042   Code   RO         3575    i.xQueueGenericCreate  queue.o
    0x08005b9a   0x08005b9a   0x00000066   Code   RO         3576    i.xQueueGenericCreateStatic  queue.o
    0x08005c00   0x08005c00   0x00000088   Code   RO         3577    i.xQueueGenericReset  queue.o
    0x08005c88   0x08005c88   0x00000160   Code   RO         3578    i.xQueueGenericSend  queue.o
    0x08005de8   0x08005de8   0x000000be   Code   RO         3579    i.xQueueGenericSendFromISR  queue.o
    0x08005ea6   0x08005ea6   0x0000003e   Code   RO         3583    i.xQueueGiveMutexRecursive  queue.o
    0x08005ee4   0x08005ee4   0x00000138   Code   RO         3588    i.xQueueReceive     queue.o
    0x0800601c   0x0800601c   0x0000009a   Code   RO         3589    i.xQueueReceiveFromISR  queue.o
    0x080060b6   0x080060b6   0x00000002   PAD
    0x080060b8   0x080060b8   0x00000178   Code   RO         3590    i.xQueueSemaphoreTake  queue.o
    0x08006230   0x08006230   0x00000040   Code   RO         3591    i.xQueueTakeMutexRecursive  queue.o
    0x08006270   0x08006270   0x00000074   Code   RO         3999    i.xTaskCheckForTimeOut  tasks.o
    0x080062e4   0x080062e4   0x0000005a   Code   RO         4000    i.xTaskCreate       tasks.o
    0x0800633e   0x0800633e   0x00000056   Code   RO         4001    i.xTaskCreateStatic  tasks.o
    0x08006394   0x08006394   0x0000000c   Code   RO         4004    i.xTaskGetCurrentTaskHandle  tasks.o
    0x080063a0   0x080063a0   0x0000001c   Code   RO         4005    i.xTaskGetSchedulerState  tasks.o
    0x080063bc   0x080063bc   0x0000000c   Code   RO         4006    i.xTaskGetTickCount  tasks.o
    0x080063c8   0x080063c8   0x000000c8   Code   RO         4008    i.xTaskIncrementTick  tasks.o
    0x08006490   0x08006490   0x00000080   Code   RO         4011    i.xTaskPriorityDisinherit  tasks.o
    0x08006510   0x08006510   0x00000078   Code   RO         4012    i.xTaskPriorityInherit  tasks.o
    0x08006588   0x08006588   0x00000070   Code   RO         4013    i.xTaskRemoveFromEventList  tasks.o
    0x080065f8   0x080065f8   0x000000c4   Code   RO         4014    i.xTaskResumeAll    tasks.o
    0x080066bc   0x080066bc   0x00000060   Code   RO         4339    i.xTimerCreateTimerTask  timers.o
    0x0800671c   0x0800671c   0x00000068   Code   RO         4340    i.xTimerGenericCommand  timers.o
    0x08006784   0x08006784   0x0000002c   Code   RO         5912    locale$$code        c_w.l(lc_numeric_c.o)
    0x080067b0   0x080067b0   0x00000062   Code   RO         5777    x$fpl$d2f           fz_ws.l(d2f.o)
    0x08006812   0x08006812   0x00000002   PAD
    0x08006814   0x08006814   0x00000150   Code   RO         5779    x$fpl$dadd          fz_ws.l(daddsub_clz.o)
    0x08006964   0x08006964   0x00000018   Code   RO         5845    x$fpl$dcmpinf       fz_ws.l(dcmpi.o)
    0x0800697c   0x0800697c   0x0000002e   Code   RO         5790    x$fpl$dflt          fz_ws.l(dflt_clz.o)
    0x080069aa   0x080069aa   0x00000002   PAD
    0x080069ac   0x080069ac   0x00000078   Code   RO         5795    x$fpl$dleqf         fz_ws.l(dleqf.o)
    0x08006a24   0x08006a24   0x00000154   Code   RO         5797    x$fpl$dmul          fz_ws.l(dmul.o)
    0x08006b78   0x08006b78   0x0000009c   Code   RO         5847    x$fpl$dnaninf       fz_ws.l(dnaninf.o)
    0x08006c14   0x08006c14   0x0000000c   Code   RO         5849    x$fpl$dretinf       fz_ws.l(dretinf.o)
    0x08006c20   0x08006c20   0x0000006c   Code   RO         5799    x$fpl$drleqf        fz_ws.l(drleqf.o)
    0x08006c8c   0x08006c8c   0x000001d4   Code   RO         5781    x$fpl$dsub          fz_ws.l(daddsub_clz.o)
    0x08006e60   0x08006e60   0x00000056   Code   RO         5801    x$fpl$f2d           fz_ws.l(f2d.o)
    0x08006eb6   0x08006eb6   0x00000002   PAD
    0x08006eb8   0x08006eb8   0x000000c4   Code   RO         5803    x$fpl$fadd          fz_ws.l(faddsub_clz.o)
    0x08006f7c   0x08006f7c   0x0000000c   Code   RO         5851    x$fpl$fcheck1       fz_ws.l(fcheck1.o)
    0x08006f88   0x08006f88   0x00000018   Code   RO         5853    x$fpl$fcmpinf       fz_ws.l(fcmpi.o)
    0x08006fa0   0x08006fa0   0x00000036   Code   RO         5809    x$fpl$ffix          fz_ws.l(ffix.o)
    0x08006fd6   0x08006fd6   0x00000002   PAD
    0x08006fd8   0x08006fd8   0x00000030   Code   RO         5814    x$fpl$fflt          fz_ws.l(fflt_clz.o)
    0x08007008   0x08007008   0x00000026   Code   RO         5813    x$fpl$ffltu         fz_ws.l(fflt_clz.o)
    0x0800702e   0x0800702e   0x00000002   PAD
    0x08007030   0x08007030   0x00000068   Code   RO         5819    x$fpl$fleqf         fz_ws.l(fleqf.o)
    0x08007098   0x08007098   0x00000102   Code   RO         5821    x$fpl$fmul          fz_ws.l(fmul.o)
    0x0800719a   0x0800719a   0x0000008c   Code   RO         5855    x$fpl$fnaninf       fz_ws.l(fnaninf.o)
    0x08007226   0x08007226   0x0000000a   Code   RO         5857    x$fpl$fretinf       fz_ws.l(fretinf.o)
    0x08007230   0x08007230   0x00000062   Code   RO         5823    x$fpl$frleqf        fz_ws.l(frleqf.o)
    0x08007292   0x08007292   0x00000014   Code   RO         5804    x$fpl$frsb          fz_ws.l(faddsub_clz.o)
    0x080072a6   0x080072a6   0x00000002   PAD
    0x080072a8   0x080072a8   0x000000ea   Code   RO         5805    x$fpl$fsub          fz_ws.l(faddsub_clz.o)
    0x08007392   0x08007392   0x00000004   Code   RO         5825    x$fpl$printf1       fz_ws.l(printf1.o)
    0x08007396   0x08007396   0x00000064   Code   RO         5916    x$fpl$retnan        fz_ws.l(retnan.o)
    0x080073fa   0x080073fa   0x0000004c   Code   RO         5827    x$fpl$scalbnf       fz_ws.l(scalbnf.o)
    0x08007446   0x08007446   0x00000030   Code   RO         5980    x$fpl$trapveneer    fz_ws.l(trapv.o)
    0x08007476   0x08007476   0x00000000   Code   RO         5859    x$fpl$usenofp       fz_ws.l(usenofp.o)
    0x08007476   0x08007476   0x00000002   PAD
    0x08007478   0x08007478   0x000000b8   Data   RO          224    .constdata          freertos.o
    0x08007530   0x08007530   0x00000012   Data   RO         1760    .constdata          stm32f1xx_hal_rcc.o
    0x08007542   0x08007542   0x00000010   Data   RO         3351    .constdata          system_stm32f1xx.o
    0x08007552   0x08007552   0x00000008   Data   RO         3352    .constdata          system_stm32f1xx.o
    0x0800755a   0x0800755a   0x00000474   Data   RO         5177    .constdata          font.o
    0x080079ce   0x080079ce   0x00000002   PAD
    0x080079d0   0x080079d0   0x00000008   Data   RO         5178    .constdata          font.o
    0x080079d8   0x080079d8   0x000001f8   Data   RO         5182    .constdata          font.o
    0x08007bd0   0x08007bd0   0x00000010   Data   RO         5183    .constdata          font.o
    0x08007be0   0x08007be0   0x00000094   Data   RO         5887    .constdata          c_w.l(bigflt0.o)
    0x08007c74   0x08007c74   0x00000042   Data   RO          225    .conststring        freertos.o
    0x08007cb6   0x08007cb6   0x00000002   PAD
    0x08007cb8   0x08007cb8   0x00000020   Data   RO         6061    Region$$Table       anon$$obj.o
    0x08007cd8   0x08007cd8   0x0000001c   Data   RO         5911    locale$$data        c_w.l(lc_numeric_c.o)


    Execution Region RW_IRAM1 (Exec base: 0x20000000, Load base: 0x08007cf4, Size: 0x00002638, Max: 0x00005000, ABSOLUTE)

    Exec Addr    Load Addr    Size         Type   Attr      Idx    E Section Name        Object

    0x20000000   0x08007cf4   0x00000018   Data   RW          226    .data               freertos.o
    0x20000018   0x08007d0c   0x0000000c   Data   RW         1597    .data               stm32f1xx_hal.o
    0x20000024   0x08007d18   0x00000004   Data   RW         3353    .data               system_stm32f1xx.o
    0x20000028   0x08007d1c   0x0000003c   Data   RW         4017    .data               tasks.o
    0x20000064   0x08007d58   0x00000014   Data   RW         4348    .data               timers.o
    0x20000078   0x08007d6c   0x00000004   Data   RW         4573    .data               cmsis_os2.o
    0x2000007c   0x08007d70   0x00000020   Data   RW         5019    .data               heap_4.o
    0x2000009c   0x08007d90   0x0000000c   Data   RW         5075    .data               port.o
    0x200000a8   0x08007d9c   0x00000004   Data   RW         5227    .data               oled.o
    0x200000ac   0x08007da0   0x00000002   Data   RW         5442    .data               key.o
    0x200000ae   0x08007da2   0x00000001   Data   RW         5564    .data               screentask.o
    0x200000af   0x08007da3   0x00000001   PAD
    0x200000b0   0x08007da4   0x00000008   Data   RW         5617    .data               farmstate.o
    0x200000b8   0x08007dac   0x00000003   Data   RW         5640    .data               screen.o
    0x200000bb   0x08007daf   0x00000001   PAD
    0x200000bc        -       0x00000054   Zero   RW          295    .bss                i2c.o
    0x20000110        -       0x00000048   Zero   RW          337    .bss                tim.o
    0x20000158        -       0x000000d0   Zero   RW          379    .bss                usart.o
    0x20000228        -       0x00000048   Zero   RW          527    .bss                stm32f1xx_hal_timebase_tim.o
    0x20000270        -       0x00000040   Zero   RW         3592    .bss                queue.o
    0x200002b0        -       0x000004c4   Zero   RW         4016    .bss                tasks.o
    0x20000774        -       0x00000118   Zero   RW         4347    .bss                timers.o
    0x2000088c        -       0x000006b8   Zero   RW         4572    .bss                cmsis_os2.o
    0x20000f44        -       0x00000c00   Zero   RW         5018    .bss                heap_4.o
    0x20001b44        -       0x00000481   Zero   RW         5226    .bss                oled.o
    0x20001fc5   0x08007daf   0x00000003   PAD
    0x20001fc8        -       0x00000010   Zero   RW         5616    .bss                farmstate.o
    0x20001fd8        -       0x00000060   Zero   RW         5921    .bss                c_w.l(libspace.o)
    0x20002038        -       0x00000200   Zero   RW            2    HEAP                startup_stm32f103xb.o
    0x20002238        -       0x00000400   Zero   RW            1    STACK               startup_stm32f103xb.o


==============================================================================

Image component sizes


      Code (inc. data)   RO Data    RW Data    ZI Data      Debug   Object Name

       244         28          0          0          0       1170   aht20.o
        76         10          0          0          0        507   bletask.o
       870         30          0          4       1720      64138   cmsis_os2.o
        60          4          0          0          0        730   dma.o
         0          0          0          0          0      19520   event_groups.o
        40         20          0          8         16       1210   farmstate.o
         0          0       1668          0          0       1453   font.o
       108         24        250         24          0       1721   freertos.o
        72          8          0          0          0        819   gpio.o
       472         24          0         32       3072       4655   heap_4.o
       156         26          0          0         84       1553   i2c.o
       504         26          0          0          0       1590   inputtask.o
       144         16          0          2          0       1120   key.o
        84         16          0          0          0       2168   knob.o
       138          0          0          0          0       3286   list.o
       146          6          0          0          0     446444   main.o
      1296         40          0          4       1153      12225   oled.o
       662         70          0         12          0      10525   port.o
      2306         24          0          0         64      24427   queue.o
        88         16          0          3          0       2957   screen.o
       910        166          0          1          0       5038   screentask.o
       510        180          0          0          0       2698   sensortask.o
        64         26        236          0       1536        792   startup_stm32f103xb.o
       100         18          0         12          0       5122   stm32f1xx_hal.o
       158         14          0          0          0      28090   stm32f1xx_hal_cortex.o
       808         36          0          0          0       4862   stm32f1xx_hal_dma.o
       490         34          0          0          0       2831   stm32f1xx_hal_gpio.o
      2338         54          0          0          0      12358   stm32f1xx_hal_i2c.o
        72         10          0          0          0        834   stm32f1xx_hal_msp.o
      1304         94         18          0          0       5613   stm32f1xx_hal_rcc.o
       944         24          0          0          0       9435   stm32f1xx_hal_tim.o
       108         12          0          0          0       2329   stm32f1xx_hal_tim_ex.o
       152         20          0          0         72       1423   stm32f1xx_hal_timebase_tim.o
      1510         24          0          0          0      11890   stm32f1xx_hal_uart.o
        60         24          0          0          0       4173   stm32f1xx_it.o
         0          0          0          0          0        392   stream_buffer.o
         2          0         24          4          0       1059   system_stm32f1xx.o
      2384        198          0         60       1220      28661   tasks.o
       200         24          0          0         72       1653   tim.o
       972         80          0         20        280      31731   timers.o
       272         28          0          0        208       1804   usart.o

    ----------------------------------------------------------------------
     20856       1454       2232        188       9500     765006   Object Totals
         0          0         32          0          0          0   (incl. Generated)
        32          0          4          2          3          0   (incl. Padding)

    ----------------------------------------------------------------------

      Code (inc. data)   RO Data    RW Data    ZI Data      Debug   Library Member Name

         8          0          0          0          0         68   __main.o
       284          0          0          0          0        156   __printf_wp.o
         0          0          0          0          0          0   __rtentry.o
        12          0          0          0          0          0   __rtentry2.o
         6          0          0          0          0          0   __rtentry4.o
        52          8          0          0          0          0   __scatter.o
        26          0          0          0          0          0   __scatter_copy.o
        28          0          0          0          0          0   __scatter_zi.o
        44          0          0          0          0        108   _printf_char.o
        48          6          0          0          0         96   _printf_char_common.o
         6          0          0          0          0          0   _printf_d.o
       120         16          0          0          0         92   _printf_dec.o
         6          0          0          0          0          0   _printf_f.o
      1054          0          0          0          0        216   _printf_fp_dec.o
       128         16          0          0          0         84   _printf_fp_infnan.o
       178          0          0          0          0         88   _printf_intcommon.o
         0          0          0          0          0          0   _printf_percent.o
         4          0          0          0          0          0   _printf_percent_end.o
         6          0          0          0          0          0   _printf_s.o
        82          0          0          0          0         80   _printf_str.o
        16          0          0          0          0         68   _snputc.o
        10          0          0          0          0         68   _sputc.o
        16          0          0          0          0         68   aeabi_memset.o
       228          4        148          0          0         96   bigflt0.o
      1936        128          0          0          0        672   btod.o
        18          0          0          0          0         80   exit.o
         6          0          0          0          0        152   heapauxi.o
         0          0          0          0          0          0   indicate_semi.o
        44         10         28          0          0         76   lc_numeric_c.o
         2          0          0          0          0          0   libinit.o
        18          0          0          0          0          0   libinit2.o
         2          0          0          0          0          0   libshutdown.o
         2          0          0          0          0          0   libshutdown2.o
         8          4          0          0         96         68   libspace.o
       138          0          0          0          0         80   lludiv10.o
        88          0          0          0          0         76   memcmp.o
        52          4          0          0          0         84   noretval__2snprintf.o
        40          6          0          0          0         84   noretval__2sprintf.o
         8          4          0          0          0         68   rt_locale_intlibspace.o
        68          0          0          0          0         68   rt_memclr.o
        78          0          0          0          0         80   rt_memclr_w.o
       138          0          0          0          0         68   rt_memcpy_v6.o
       100          0          0          0          0         80   rt_memcpy_w.o
         2          0          0          0          0          0   rtexit.o
        10          0          0          0          0          0   rtexit2.o
       128          0          0          0          0         68   strcmpv7m.o
        62          0          0          0          0         76   strlen.o
        12          4          0          0          0         68   sys_exit.o
        74          0          0          0          0         80   sys_stackheap_outer.o
         2          0          0          0          0         68   use_no_semi.o
        98          4          0          0          0         92   d2f.o
       804         16          0          0          0        272   daddsub_clz.o
        24          0          0          0          0         68   dcmpi.o
        46          0          0          0          0         68   dflt_clz.o
       120          4          0          0          0         92   dleqf.o
       340         12          0          0          0        104   dmul.o
       156          4          0          0          0         92   dnaninf.o
        12          0          0          0          0         68   dretinf.o
       108          0          0          0          0         80   drleqf.o
        86          4          0          0          0         84   f2d.o
       450          8          0          0          0        236   faddsub_clz.o
        12          4          0          0          0         68   fcheck1.o
        24          0          0          0          0         68   fcmpi.o
        54          4          0          0          0         84   ffix.o
        86          0          0          0          0        136   fflt_clz.o
       104          4          0          0          0         84   fleqf.o
       258          4          0          0          0         84   fmul.o
       140          4          0          0          0         84   fnaninf.o
        10          0          0          0          0         68   fretinf.o
        98          0          0          0          0         68   frleqf.o
         4          0          0          0          0         68   printf1.o
       100          0          0          0          0         68   retnan.o
        76          0          0          0          0         68   scalbnf.o
        48          0          0          0          0         68   trapv.o
         0          0          0          0          0          0   usenofp.o
        40          0          0          0          0         68   fpclassify.o

    ----------------------------------------------------------------------
      8724        282        176          0         96       5724   Library Totals
        28          0          0          0          0          0   (incl. Padding)

    ----------------------------------------------------------------------

      Code (inc. data)   RO Data    RW Data    ZI Data      Debug   Library Name

      5398        210        176          0         96       3384   c_w.l
      3258         72          0          0          0       2272   fz_ws.l
        40          0          0          0          0         68   m_ws.l

    ----------------------------------------------------------------------
      8724        282        176          0         96       5724   Library Totals

    ----------------------------------------------------------------------

==============================================================================


      Code (inc. data)   RO Data    RW Data    ZI Data      Debug   

     29580       1736       2408        188       9596     756374   Grand Totals
     29580       1736       2408        188       9596     756374   ELF Image Totals
     29580       1736       2408        188          0          0   ROM Totals

==============================================================================

    Total RO  Size (Code + RO Data)                31988 (  31.24kB)
    Total RW  Size (RW Data + ZI Data)              9784 (   9.55kB)
    Total ROM Size (Code + RO Data + RW Data)      32176 (  31.42kB)

==============================================================================

